Archive member included to satisfy reference by file (symbol)

c:/st/stm32cubeide_1.4.0/stm32cubeide/plugins/com.st.stm32cube.ide.mcu.externaltools.gnu-tools-for-stm32.7-2018-q2-update.win32_1.4.0.202007081208/tools/bin/../lib/gcc/arm-none-eabi/7.3.1/../../../../arm-none-eabi/lib/thumb/v6-m\libc_nano.a(lib_a-errno.o)
                              Core/Src/syscalls.o (__errno)
c:/st/stm32cubeide_1.4.0/stm32cubeide/plugins/com.st.stm32cube.ide.mcu.externaltools.gnu-tools-for-stm32.7-2018-q2-update.win32_1.4.0.202007081208/tools/bin/../lib/gcc/arm-none-eabi/7.3.1/../../../../arm-none-eabi/lib/thumb/v6-m\libc_nano.a(lib_a-exit.o)
                              c:/st/stm32cubeide_1.4.0/stm32cubeide/plugins/com.st.stm32cube.ide.mcu.externaltools.gnu-tools-for-stm32.7-2018-q2-update.win32_1.4.0.202007081208/tools/bin/../lib/gcc/arm-none-eabi/7.3.1/../../../../arm-none-eabi/lib/thumb/v6-m/crt0.o (exit)
c:/st/stm32cubeide_1.4.0/stm32cubeide/plugins/com.st.stm32cube.ide.mcu.externaltools.gnu-tools-for-stm32.7-2018-q2-update.win32_1.4.0.202007081208/tools/bin/../lib/gcc/arm-none-eabi/7.3.1/../../../../arm-none-eabi/lib/thumb/v6-m\libc_nano.a(lib_a-impure.o)
                              c:/st/stm32cubeide_1.4.0/stm32cubeide/plugins/com.st.stm32cube.ide.mcu.externaltools.gnu-tools-for-stm32.7-2018-q2-update.win32_1.4.0.202007081208/tools/bin/../lib/gcc/arm-none-eabi/7.3.1/../../../../arm-none-eabi/lib/thumb/v6-m\libc_nano.a(lib_a-exit.o) (_global_impure_ptr)
c:/st/stm32cubeide_1.4.0/stm32cubeide/plugins/com.st.stm32cube.ide.mcu.externaltools.gnu-tools-for-stm32.7-2018-q2-update.win32_1.4.0.202007081208/tools/bin/../lib/gcc/arm-none-eabi/7.3.1/../../../../arm-none-eabi/lib/thumb/v6-m\libc_nano.a(lib_a-init.o)
                              c:/st/stm32cubeide_1.4.0/stm32cubeide/plugins/com.st.stm32cube.ide.mcu.externaltools.gnu-tools-for-stm32.7-2018-q2-update.win32_1.4.0.202007081208/tools/bin/../lib/gcc/arm-none-eabi/7.3.1/../../../../arm-none-eabi/lib/thumb/v6-m/crt0.o (__libc_init_array)
c:/st/stm32cubeide_1.4.0/stm32cubeide/plugins/com.st.stm32cube.ide.mcu.externaltools.gnu-tools-for-stm32.7-2018-q2-update.win32_1.4.0.202007081208/tools/bin/../lib/gcc/arm-none-eabi/7.3.1/../../../../arm-none-eabi/lib/thumb/v6-m\libc_nano.a(lib_a-memset.o)
                              c:/st/stm32cubeide_1.4.0/stm32cubeide/plugins/com.st.stm32cube.ide.mcu.externaltools.gnu-tools-for-stm32.7-2018-q2-update.win32_1.4.0.202007081208/tools/bin/../lib/gcc/arm-none-eabi/7.3.1/../../../../arm-none-eabi/lib/thumb/v6-m/crt0.o (memset)
c:/st/stm32cubeide_1.4.0/stm32cubeide/plugins/com.st.stm32cube.ide.mcu.externaltools.gnu-tools-for-stm32.7-2018-q2-update.win32_1.4.0.202007081208/tools/bin/../lib/gcc/arm-none-eabi/7.3.1/thumb/v6-m\libgcc.a(_udivsi3.o)
                              Core/Src/system_stm32l0xx.o (__aeabi_uidiv)
c:/st/stm32cubeide_1.4.0/stm32cubeide/plugins/com.st.stm32cube.ide.mcu.externaltools.gnu-tools-for-stm32.7-2018-q2-update.win32_1.4.0.202007081208/tools/bin/../lib/gcc/arm-none-eabi/7.3.1/thumb/v6-m\libgcc.a(_divsi3.o)
                              Core/Src/system_stm32l0xx.o (__aeabi_idiv)
c:/st/stm32cubeide_1.4.0/stm32cubeide/plugins/com.st.stm32cube.ide.mcu.externaltools.gnu-tools-for-stm32.7-2018-q2-update.win32_1.4.0.202007081208/tools/bin/../lib/gcc/arm-none-eabi/7.3.1/thumb/v6-m\libgcc.a(_dvmd_tls.o)
                              c:/st/stm32cubeide_1.4.0/stm32cubeide/plugins/com.st.stm32cube.ide.mcu.externaltools.gnu-tools-for-stm32.7-2018-q2-update.win32_1.4.0.202007081208/tools/bin/../lib/gcc/arm-none-eabi/7.3.1/thumb/v6-m\libgcc.a(_udivsi3.o) (__aeabi_idiv0)
c:/st/stm32cubeide_1.4.0/stm32cubeide/plugins/com.st.stm32cube.ide.mcu.externaltools.gnu-tools-for-stm32.7-2018-q2-update.win32_1.4.0.202007081208/tools/bin/../lib/gcc/arm-none-eabi/7.3.1/thumb/v6-m\libgcc.a(_aeabi_ldivmod.o)
                              Drivers/STM32L0xx_HAL_Driver/Src/stm32l0xx_hal_uart.o (__aeabi_ldivmod)
c:/st/stm32cubeide_1.4.0/stm32cubeide/plugins/com.st.stm32cube.ide.mcu.externaltools.gnu-tools-for-stm32.7-2018-q2-update.win32_1.4.0.202007081208/tools/bin/../lib/gcc/arm-none-eabi/7.3.1/thumb/v6-m\libgcc.a(_aeabi_uldivmod.o)
                              Drivers/STM32L0xx_HAL_Driver/Src/stm32l0xx_hal_uart.o (__aeabi_uldivmod)
c:/st/stm32cubeide_1.4.0/stm32cubeide/plugins/com.st.stm32cube.ide.mcu.externaltools.gnu-tools-for-stm32.7-2018-q2-update.win32_1.4.0.202007081208/tools/bin/../lib/gcc/arm-none-eabi/7.3.1/thumb/v6-m\libgcc.a(_udivmoddi4.o)
                              c:/st/stm32cubeide_1.4.0/stm32cubeide/plugins/com.st.stm32cube.ide.mcu.externaltools.gnu-tools-for-stm32.7-2018-q2-update.win32_1.4.0.202007081208/tools/bin/../lib/gcc/arm-none-eabi/7.3.1/thumb/v6-m\libgcc.a(_aeabi_uldivmod.o) (__udivmoddi4)
c:/st/stm32cubeide_1.4.0/stm32cubeide/plugins/com.st.stm32cube.ide.mcu.externaltools.gnu-tools-for-stm32.7-2018-q2-update.win32_1.4.0.202007081208/tools/bin/../lib/gcc/arm-none-eabi/7.3.1/thumb/v6-m\libgcc.a(bpabi.o)
[...]
Memory Configuration

Name             Origin             Length             Attributes
RAM              0x0000000020000000 0x0000000000002000 xrw
FLASH            0x0000000008000000 0x0000000000004000 xr
*default*        0x0000000000000000 0xffffffffffffffff

Linker script and memory map

LOAD c:/st/stm32cubeide_1.4.0/stm32cubeide/plugins/com.st.stm32cube.ide.mcu.externaltools.gnu-tools-for-stm32.7-2018-q2-update.win32_1.4.0.202007081208/tools/bin/../lib/gcc/arm-none-eabi/7.3.1/thumb/v6-m/crti.o
LOAD c:/st/stm32cubeide_1.4.0/stm32cubeide/plugins/com.st.stm32cube.ide.mcu.externaltools.gnu-tools-for-stm32.7-2018-q2-update.win32_1.4.0.202007081208/tools/bin/../lib/gcc/arm-none-eabi/7.3.1/thumb/v6-m/crtbegin.o
LOAD c:/st/stm32cubeide_1.4.0/stm32cubeide/plugins/com.st.stm32cube.ide.mcu.externaltools.gnu-tools-for-stm32.7-2018-q2-update.win32_1.4.0.202007081208/tools/bin/../lib/gcc/arm-none-eabi/7.3.1/../../../../arm-none-eabi/lib/thumb/v6-m/crt0.o
LOAD Core/Src/config.o
LOAD Core/Src/main.o
LOAD Core/Src/stm32l0xx_hal_msp.o
LOAD Core/Src/stm32l0xx_it.o
LOAD Core/Src/syscalls.o
LOAD Core/Src/sysmem.o
LOAD Core/Src/system_stm32l0xx.o
LOAD Core/Startup/startup_stm32l031f4px.o
LOAD Drivers/STM32L0xx_HAL_Driver/Src/stm32l0xx_hal.o
LOAD Drivers/STM32L0xx_HAL_Driver/Src/stm32l0xx_hal_cortex.o
LOAD Drivers/STM32L0xx_HAL_Driver/Src/stm32l0xx_hal_dma.o
LOAD Drivers/STM32L0xx_HAL_Driver/Src/stm32l0xx_hal_flash.o
LOAD Drivers/STM32L0xx_HAL_Driver/Src/stm32l0xx_hal_flash_ex.o
LOAD Drivers/STM32L0xx_HAL_Driver/Src/stm32l0xx_hal_flash_ramfunc.o
LOAD Drivers/STM32L0xx_HAL_Driver/Src/stm32l0xx_hal_gpio.o
LOAD Drivers/STM32L0xx_HAL_Driver/Src/stm32l0xx_hal_i2c.o
LOAD Drivers/STM32L0xx_HAL_Driver/Src/stm32l0xx_hal_i2c_ex.o
LOAD Drivers/STM32L0xx_HAL_Driver/Src/stm32l0xx_hal_lptim.o
LOAD Drivers/STM32L0xx_HAL_Driver/Src/stm32l0xx_hal_pwr.o
LOAD Drivers/STM32L0xx_HAL_Driver/Src/stm32l0xx_hal_pwr_ex.o
LOAD Drivers/STM32L0xx_HAL_Driver/Src/stm32l0xx_hal_rcc.o
LOAD Drivers/STM32L0xx_HAL_Driver/Src/stm32l0xx_hal_rcc_ex.o
LOAD Drivers/STM32L0xx_HAL_Driver/Src/stm32l0xx_hal_tim.o
LOAD Drivers/STM32L0xx_HAL_Driver/Src/stm32l0xx_hal_tim_ex.o
LOAD Drivers/STM32L0xx_HAL_Driver/Src/stm32l0xx_hal_uart.o
LOAD Drivers/STM32L0xx_HAL_Driver/Src/stm32l0xx_hal_uart_ex.o
START GROUP
LOAD c:/st/stm32cubeide_1.4.0/stm32cubeide/plugins/com.st.stm32cube.ide.mcu.externaltools.gnu-tools-for-stm32.7-2018-q2-update.win32_1.4.0.202007081208/tools/bin/../lib/gcc/arm-none-eabi/7.3.1/../../../../arm-none-eabi/lib/thumb/v6-m\libc_nano.a
LOAD c:/st/stm32cubeide_1.4.0/stm32cubeide/plugins/com.st.stm32cube.ide.mcu.externaltools.gnu-tools-for-stm32.7-2018-q2-update.win32_1.4.0.202007081208/tools/bin/../lib/gcc/arm-none-eabi/7.3.1/../../../../arm-none-eabi/lib/thumb/v6-m\libm.a
END GROUP
START GROUP
LOAD c:/st/stm32cubeide_1.4.0/stm32cubeide/plugins/com.st.stm32cube.ide.mcu.externaltools.gnu-tools-for-stm32.7-2018-q2-update.win32_1.4.0.202007081208/tools/bin/../lib/gcc/arm-none-eabi/7.3.1/thumb/v6-m\libgcc.a
LOAD c:/st/stm32cubeide_1.4.0/stm32cubeide/plugins/com.st.stm32cube.ide.mcu.externaltools.gnu-tools-for-stm32.7-2018-q2-update.win32_1.4.0.202007081208/tools/bin/../lib/gcc/arm-none-eabi/7.3.1/../../../../arm-none-eabi/lib/thumb/v6-m\libc_nano.a
END GROUP
START GROUP
LOAD c:/st/stm32cubeide_1.4.0/stm32cubeide/plugins/com.st.stm32cube.ide.mcu.externaltools.gnu-tools-for-stm32.7-2018-q2-update.win32_1.4.0.202007081208/tools/bin/../lib/gcc/arm-none-eabi/7.3.1/thumb/v6-m\libgcc.a
LOAD c:/st/stm32cubeide_1.4.0/stm32cubeide/plugins/com.st.stm32cube.ide.mcu.externaltools.gnu-tools-for-stm32.7-2018-q2-update.win32_1.4.0.202007081208/tools/bin/../lib/gcc/arm-none-eabi/7.3.1/../../../../arm-none-eabi/lib/thumb/v6-m\libc_nano.a
LOAD c:/st/stm32cubeide_1.4.0/stm32cubeide/plugins/com.st.stm32cube.ide.mcu.externaltools.gnu-tools-for-stm32.7-2018-q2-update.win32_1.4.0.202007081208/tools/bin/../lib/gcc/arm-none-eabi/7.3.1/../../../../arm-none-eabi/lib/thumb/v6-m\libnosys.a
END GROUP
START GROUP
LOAD c:/st/stm32cubeide_1.4.0/stm32cubeide/plugins/com.st.stm32cube.ide.mcu.externaltools.gnu-tools-for-stm32.7-2018-q2-update.win32_1.4.0.202007081208/tools/bin/../lib/gcc/arm-none-eabi/7.3.1/thumb/v6-m\libgcc.a
LOAD c:/st/stm32cubeide_1.4.0/stm32cubeide/plugins/com.st.stm32cube.ide.mcu.externaltools.gnu-tools-for-stm32.7-2018-q2-update.win32_1.4.0.202007081208/tools/bin/../lib/gcc/arm-none-eabi/7.3.1/../../../../arm-none-eabi/lib/thumb/v6-m\libc_nano.a
LOAD c:/st/stm32cubeide_1.4.0/stm32cubeide/plugins/com.st.stm32cube.ide.mcu.externaltools.gnu-tools-for-stm32.7-2018-q2-update.win32_1.4.0.202007081208/tools/bin/../lib/gcc/arm-none-eabi/7.3.1/../../../../arm-none-eabi/lib/thumb/v6-m\libnosys.a
END GROUP
LOAD c:/st/stm32cubeide_1.4.0/stm32cubeide/plugins/com.st.stm32cube.ide.mcu.externaltools.gnu-tools-for-stm32.7-2018-q2-update.win32_1.4.0.202007081208/tools/bin/../lib/gcc/arm-none-eabi/7.3.1/thumb/v6-m/crtend.o
LOAD c:/st/stm32cubeide_1.4.0/stm32cubeide/plugins/com.st.stm32cube.ide.mcu.externaltools.gnu-tools-for-stm32.7-2018-q2-update.win32_1.4.0.202007081208/tools/bin/../lib/gcc/arm-none-eabi/7.3.1/thumb/v6-m/crtn.o
                0x0000000020002000                _estack = (ORIGIN (RAM) + LENGTH (RAM))
                0x0000000000000200                _Min_Heap_Size = 0x200
                0x0000000000000400                _Min_Stack_Size = 0x400

.isr_vector     0x0000000008000000       0xc0
                0x0000000008000000                . = ALIGN (0x4)
 *(.isr_vector)
 .isr_vector    0x0000000008000000       0xc0 Core/Startup/startup_stm32l031f4px.o
                0x0000000008000000                g_pfnVectors
                0x00000000080000c0                . = ALIGN (0x4)

.text           0x00000000080000c0     0x33b8
                0x00000000080000c0                . = ALIGN (0x4)
 *(.text)
 .text          0x00000000080000c0       0x48 c:/st/stm32cubeide_1.4.0/stm32cubeide/plugins/com.st.stm32cube.ide.mcu.externaltools.gnu-tools-for-stm32.7-2018-q2-update.win32_1.4.0.202007081208/tools/bin/../lib/gcc/arm-none-eabi/7.3.1/thumb/v6-m/crtbegin.o
 .text          0x0000000008000108      0x114 c:/st/stm32cubeide_1.4.0/stm32cubeide/plugins/com.st.stm32cube.ide.mcu.externaltools.gnu-tools-for-stm32.7-2018-q2-update.win32_1.4.0.202007081208/tools/bin/../lib/gcc/arm-none-eabi/7.3.1/thumb/v6-m\libgcc.a(_udivsi3.o)
                0x0000000008000108                __aeabi_uidiv
                0x0000000008000108                __udivsi3
                0x0000000008000214                __aeabi_uidivmod
 .text          0x000000000800021c        0x4 c:/st/stm32cubeide_1.4.0/stm32cubeide/plugins/com.st.stm32cube.ide.mcu.externaltools.gnu-tools-for-stm32.7-2018-q2-update.win32_1.4.0.202007081208/tools/bin/../lib/gcc/arm-none-eabi/7.3.1/thumb/v6-m\libgcc.a(_dvmd_tls.o)
                0x000000000800021c                __aeabi_idiv0
                0x000000000800021c                __aeabi_ldiv0
 .text          0x0000000008000220       0x40 c:/st/stm32cubeide_1.4.0/stm32cubeide/plugins/com.st.stm32cube.ide.mcu.externaltools.gnu-tools-for-stm32.7-2018-q2-update.win32_1.4.0.202007081208/tools/bin/../lib/gcc/arm-none-eabi/7.3.1/thumb/v6-m\libgcc.a(_aeabi_uldivmod.o)
                0x0000000008000220                __aeabi_uldivmod
 .text          0x0000000008000260      0x184 c:/st/stm32cubeide_1.4.0/stm32cubeide/plugins/com.st.stm32cube.ide.mcu.externaltools.gnu-tools-for-stm32.7-2018-q2-update.win32_1.4.0.202007081208/tools/bin/../lib/gcc/arm-none-eabi/7.3.1/thumb/v6-m\libgcc.a(_udivmoddi4.o)
                0x0000000008000260                __udivmoddi4
 .text          0x00000000080003e4       0x18 c:/st/stm32cubeide_1.4.0/stm32cubeide/plugins/com.st.stm32cube.ide.mcu.externaltools.gnu-tools-for-stm32.7-2018-q2-update.win32_1.4.0.202007081208/tools/bin/../lib/gcc/arm-none-eabi/7.3.1/thumb/v6-m\libgcc.a(_clzdi2.o)
                0x00000000080003e4                __clzdi2
 .text          0x00000000080003fc       0x3c c:/st/stm32cubeide_1.4.0/stm32cubeide/plugins/com.st.stm32cube.ide.mcu.externaltools.gnu-tools-for-stm32.7-2018-q2-update.win32_1.4.0.202007081208/tools/bin/../lib/gcc/arm-none-eabi/7.3.1/thumb/v6-m\libgcc.a(_clzsi2.o)
                0x00000000080003fc                __clzsi2
 *(.text*)
 .text.My_Main  0x0000000008000438       0x90 Core/Src/config.o
                0x0000000008000438                My_Main
 .text.My_While
                0x00000000080004c8      0x700 Core/Src/config.o
                0x00000000080004c8                My_While
 .text.SystemClock_Config
                0x0000000008000bc8       0x78 Core/Src/main.o
                0x0000000008000bc8                SystemClock_Config
 .text.startup.main
                0x0000000008000c40      0x17c Core/Src/main.o
                0x0000000008000c40                main
 .text.Error_Handler
                0x0000000008000dbc        0x4 Core/Src/main.o
                0x0000000008000dbc                Error_Handler
 .text.HAL_MspInit
                0x0000000008000dc0       0x2c Core/Src/stm32l0xx_hal_msp.o
                0x0000000008000dc0                HAL_MspInit
 .text.HAL_LPTIM_MspInit
                0x0000000008000dec       0x34 Core/Src/stm32l0xx_hal_msp.o
                0x0000000008000dec                HAL_LPTIM_MspInit
 .text.HAL_UART_MspInit
                0x0000000008000e20       0x98 Core/Src/stm32l0xx_hal_msp.o
                0x0000000008000e20                HAL_UART_MspInit
 .text.HAL_UART_MspDeInit
                0x0000000008000eb8       0x38 Core/Src/stm32l0xx_hal_msp.o
                0x0000000008000eb8                HAL_UART_MspDeInit
 .text.NMI_Handler
                0x0000000008000ef0        0x4 Core/Src/stm32l0xx_it.o
                0x0000000008000ef0                NMI_Handler
 .text.HardFault_Handler
                0x0000000008000ef4        0x4 Core/Src/stm32l0xx_it.o
                0x0000000008000ef4                HardFault_Handler
 .text.SVC_Handler
                0x0000000008000ef8        0x4 Core/Src/stm32l0xx_it.o
                0x0000000008000ef8                SVC_Handler
 .text.PendSV_Handler
                0x0000000008000efc        0x4 Core/Src/stm32l0xx_it.o
                0x0000000008000efc                PendSV_Handler
 .text.SysTick_Handler
                0x0000000008000f00        0x8 Core/Src/stm32l0xx_it.o
                0x0000000008000f00                SysTick_Handler
 .text.PVD_IRQHandler
                0x0000000008000f08       0x1c Core/Src/stm32l0xx_it.o
                0x0000000008000f08                PVD_IRQHandler
 .text.EXTI4_15_IRQHandler
                0x0000000008000f24        0xc Core/Src/stm32l0xx_it.o
                0x0000000008000f24                EXTI4_15_IRQHandler
 .text.LPTIM1_IRQHandler
                0x0000000008000f30       0x14 Core/Src/stm32l0xx_it.o
                0x0000000008000f30                LPTIM1_IRQHandler
 .text.SystemInit
                0x0000000008000f44       0x5c Core/Src/system_stm32l0xx.o
                0x0000000008000f44                SystemInit
 .text.Reset_Handler
                0x0000000008000fa0       0x50 Core/Startup/startup_stm32l031f4px.o
                0x0000000008000fa0                Reset_Handler
 .text.Default_Handler
                0x0000000008000ff0        0x2 Core/Startup/startup_stm32l031f4px.o
                0x0000000008000ff0                ADC1_COMP_IRQHandler
                0x0000000008000ff0                I2C1_IRQHandler
                0x0000000008000ff0                SPI1_IRQHandler
                0x0000000008000ff0                EXTI2_3_IRQHandler
                0x0000000008000ff0                RTC_IRQHandler
                0x0000000008000ff0                DMA1_Channel4_5_6_7_IRQHandler
                0x0000000008000ff0                RCC_IRQHandler
                0x0000000008000ff0                DMA1_Channel1_IRQHandler
                0x0000000008000ff0                Default_Handler
                0x0000000008000ff0                TIM22_IRQHandler
                0x0000000008000ff0                EXTI0_1_IRQHandler
                0x0000000008000ff0                TIM21_IRQHandler
                0x0000000008000ff0                WWDG_IRQHandler
                0x0000000008000ff0                LPUART1_IRQHandler
                0x0000000008000ff0                TIM2_IRQHandler
                0x0000000008000ff0                DMA1_Channel2_3_IRQHandler
                0x0000000008000ff0                USART2_IRQHandler
                0x0000000008000ff0                FLASH_IRQHandler
 *fill*         0x0000000008000ff2        0x2 
 .text.HAL_InitTick
                0x0000000008000ff4       0x4c Drivers/STM32L0xx_HAL_Driver/Src/stm32l0xx_hal.o
                0x0000000008000ff4                HAL_InitTick
 .text.HAL_Init
                0x0000000008001040       0x28 Drivers/STM32L0xx_HAL_Driver/Src/stm32l0xx_hal.o
                0x0000000008001040                HAL_Init
 .text.HAL_IncTick
                0x0000000008001068       0x18 Drivers/STM32L0xx_HAL_Driver/Src/stm32l0xx_hal.o
                0x0000000008001068                HAL_IncTick
 .text.HAL_GetTick
                0x0000000008001080        0xc Drivers/STM32L0xx_HAL_Driver/Src/stm32l0xx_hal.o
                0x0000000008001080                HAL_GetTick
 .text.HAL_Delay
                0x000000000800108c       0x24 Drivers/STM32L0xx_HAL_Driver/Src/stm32l0xx_hal.o
                0x000000000800108c                HAL_Delay
 .text.HAL_NVIC_SetPriority
                0x00000000080010b0       0x58 Drivers/STM32L0xx_HAL_Driver/Src/stm32l0xx_hal_cortex.o
                0x00000000080010b0                HAL_NVIC_SetPriority
 .text.HAL_NVIC_EnableIRQ
                0x0000000008001108       0x14 Drivers/STM32L0xx_HAL_Driver/Src/stm32l0xx_hal_cortex.o
                0x0000000008001108                HAL_NVIC_EnableIRQ
 .text.HAL_NVIC_DisableIRQ
                0x000000000800111c       0x14 Drivers/STM32L0xx_HAL_Driver/Src/stm32l0xx_hal_cortex.o
                0x000000000800111c                HAL_NVIC_DisableIRQ
 .text.HAL_NVIC_SystemReset
                0x0000000008001130       0x1c Drivers/STM32L0xx_HAL_Driver/Src/stm32l0xx_hal_cortex.o
                0x0000000008001130                HAL_NVIC_SystemReset
 .text.HAL_SYSTICK_Config
                0x000000000800114c       0x38 Drivers/STM32L0xx_HAL_Driver/Src/stm32l0xx_hal_cortex.o
                0x000000000800114c                HAL_SYSTICK_Config
 .text.HAL_NVIC_ClearPendingIRQ
                0x0000000008001184       0x18 Drivers/STM32L0xx_HAL_Driver/Src/stm32l0xx_hal_cortex.o
                0x0000000008001184                HAL_NVIC_ClearPendingIRQ
 .text.HAL_DMA_Init
                0x000000000800119c       0x8c Drivers/STM32L0xx_HAL_Driver/Src/stm32l0xx_hal_dma.o
                0x000000000800119c                HAL_DMA_Init
 .text.HAL_DMA_DeInit
                0x0000000008001228       0x60 Drivers/STM32L0xx_HAL_Driver/Src/stm32l0xx_hal_dma.o
                0x0000000008001228                HAL_DMA_DeInit
 .text.HAL_DMA_Start_IT
                0x0000000008001288       0x8c Drivers/STM32L0xx_HAL_Driver/Src/stm32l0xx_hal_dma.o
                0x0000000008001288                HAL_DMA_Start_IT
 .text.FLASH_SetErrorCode
                0x0000000008001314      0x4b8 Drivers/STM32L0xx_HAL_Driver/Src/stm32l0xx_hal_flash.o
 .text.FLASH_WaitForLastOperation
                0x00000000080017cc       0x80 Drivers/STM32L0xx_HAL_Driver/Src/stm32l0xx_hal_flash.o
                0x00000000080017cc                FLASH_WaitForLastOperation
 .text.HAL_FLASHEx_DATAEEPROM_Unlock
                0x000000000800184c       0x30 Drivers/STM32L0xx_HAL_Driver/Src/stm32l0xx_hal_flash_ex.o
                0x000000000800184c                HAL_FLASHEx_DATAEEPROM_Unlock
 .text.HAL_FLASHEx_DATAEEPROM_Lock
                0x000000000800187c       0x14 Drivers/STM32L0xx_HAL_Driver/Src/stm32l0xx_hal_flash_ex.o
                0x000000000800187c                HAL_FLASHEx_DATAEEPROM_Lock
 .text.HAL_FLASHEx_DATAEEPROM_Program
                0x0000000008001890       0x54 Drivers/STM32L0xx_HAL_Driver/Src/stm32l0xx_hal_flash_ex.o
                0x0000000008001890                HAL_FLASHEx_DATAEEPROM_Program
 .text.HAL_GPIO_Init
                0x00000000080018e4      0x1cc Drivers/STM32L0xx_HAL_Driver/Src/stm32l0xx_hal_gpio.o
                0x00000000080018e4                HAL_GPIO_Init
 .text.HAL_GPIO_DeInit
                0x0000000008001ab0      0x110 Drivers/STM32L0xx_HAL_Driver/Src/stm32l0xx_hal_gpio.o
                0x0000000008001ab0                HAL_GPIO_DeInit
 .text.HAL_GPIO_ReadPin
                0x0000000008001bc0        0xc Drivers/STM32L0xx_HAL_Driver/Src/stm32l0xx_hal_gpio.o
                0x0000000008001bc0                HAL_GPIO_ReadPin
 .text.HAL_GPIO_WritePin
                0x0000000008001bcc        0xc Drivers/STM32L0xx_HAL_Driver/Src/stm32l0xx_hal_gpio.o
                0x0000000008001bcc                HAL_GPIO_WritePin
 .text.HAL_GPIO_TogglePin
                0x0000000008001bd8       0x10 Drivers/STM32L0xx_HAL_Driver/Src/stm32l0xx_hal_gpio.o
                0x0000000008001bd8                HAL_GPIO_TogglePin
 .text.HAL_GPIO_EXTI_Callback
                0x0000000008001be8        0x4 Drivers/STM32L0xx_HAL_Driver/Src/stm32l0xx_hal_gpio.o
                0x0000000008001be8                HAL_GPIO_EXTI_Callback
 .text.HAL_GPIO_EXTI_IRQHandler
                0x0000000008001bec       0x18 Drivers/STM32L0xx_HAL_Driver/Src/stm32l0xx_hal_gpio.o
                0x0000000008001bec                HAL_GPIO_EXTI_IRQHandler
 .text.HAL_LPTIM_Init
                0x0000000008001c04       0xc0 Drivers/STM32L0xx_HAL_Driver/Src/stm32l0xx_hal_lptim.o
                0x0000000008001c04                HAL_LPTIM_Init
 .text.HAL_LPTIM_Counter_Start
                0x0000000008001cc4       0x44 Drivers/STM32L0xx_HAL_Driver/Src/stm32l0xx_hal_lptim.o
                0x0000000008001cc4                HAL_LPTIM_Counter_Start
 .text.HAL_LPTIM_Counter_Stop
                0x0000000008001d08      0x13c Drivers/STM32L0xx_HAL_Driver/Src/stm32l0xx_hal_lptim.o
                0x0000000008001d08                HAL_LPTIM_Counter_Stop
 .text.HAL_LPTIM_Counter_Start_IT
                0x0000000008001e44       0x64 Drivers/STM32L0xx_HAL_Driver/Src/stm32l0xx_hal_lptim.o
                0x0000000008001e44                HAL_LPTIM_Counter_Start_IT
 .text.HAL_LPTIM_ReadCounter
                0x0000000008001ea8        0x8 Drivers/STM32L0xx_HAL_Driver/Src/stm32l0xx_hal_lptim.o
                0x0000000008001ea8                HAL_LPTIM_ReadCounter
 .text.HAL_LPTIM_CompareMatchCallback
                0x0000000008001eb0        0x4 Drivers/STM32L0xx_HAL_Driver/Src/stm32l0xx_hal_lptim.o
                0x0000000008001eb0                HAL_LPTIM_CompareMatchCallback
 .text.HAL_LPTIM_AutoReloadMatchCallback
                0x0000000008001eb4        0x4 Drivers/STM32L0xx_HAL_Driver/Src/stm32l0xx_hal_lptim.o
                0x0000000008001eb4                HAL_LPTIM_AutoReloadMatchCallback
 .text.HAL_LPTIM_TriggerCallback
                0x0000000008001eb8        0x4 Drivers/STM32L0xx_HAL_Driver/Src/stm32l0xx_hal_lptim.o
                0x0000000008001eb8                HAL_LPTIM_TriggerCallback
 .text.HAL_LPTIM_CompareWriteCallback
                0x0000000008001ebc        0x4 Drivers/STM32L0xx_HAL_Driver/Src/stm32l0xx_hal_lptim.o
                0x0000000008001ebc                HAL_LPTIM_CompareWriteCallback
 .text.HAL_LPTIM_AutoReloadWriteCallback
                0x0000000008001ec0        0x4 Drivers/STM32L0xx_HAL_Driver/Src/stm32l0xx_hal_lptim.o
                0x0000000008001ec0                HAL_LPTIM_AutoReloadWriteCallback
 .text.HAL_LPTIM_DirectionUpCallback
                0x0000000008001ec4        0x4 Drivers/STM32L0xx_HAL_Driver/Src/stm32l0xx_hal_lptim.o
                0x0000000008001ec4                HAL_LPTIM_DirectionUpCallback
 .text.HAL_LPTIM_DirectionDownCallback
                0x0000000008001ec8        0x4 Drivers/STM32L0xx_HAL_Driver/Src/stm32l0xx_hal_lptim.o
                0x0000000008001ec8                HAL_LPTIM_DirectionDownCallback
 .text.HAL_LPTIM_IRQHandler
                0x0000000008001ecc       0xbc Drivers/STM32L0xx_HAL_Driver/Src/stm32l0xx_hal_lptim.o
                0x0000000008001ecc                HAL_LPTIM_IRQHandler
 .text.HAL_PWR_ConfigPVD
                0x0000000008001f88       0x78 Drivers/STM32L0xx_HAL_Driver/Src/stm32l0xx_hal_pwr.o
                0x0000000008001f88                HAL_PWR_ConfigPVD
 .text.HAL_PWR_EnablePVD
                0x0000000008002000       0x10 Drivers/STM32L0xx_HAL_Driver/Src/stm32l0xx_hal_pwr.o
                0x0000000008002000                HAL_PWR_EnablePVD
 .text.HAL_PWR_EnterSTOPMode
                0x0000000008002010       0x3c Drivers/STM32L0xx_HAL_Driver/Src/stm32l0xx_hal_pwr.o
                0x0000000008002010                HAL_PWR_EnterSTOPMode
 .text.HAL_PWR_PVDCallback
                0x000000000800204c        0x4 Drivers/STM32L0xx_HAL_Driver/Src/stm32l0xx_hal_pwr.o
                0x000000000800204c                HAL_PWR_PVDCallback
 .text.HAL_PWR_PVD_IRQHandler
                0x0000000008002050       0x1c Drivers/STM32L0xx_HAL_Driver/Src/stm32l0xx_hal_pwr.o
                0x0000000008002050                HAL_PWR_PVD_IRQHandler
 .text.HAL_RCC_OscConfig
                0x000000000800206c      0x5f4 Drivers/STM32L0xx_HAL_Driver/Src/stm32l0xx_hal_rcc.o
                0x000000000800206c                HAL_RCC_OscConfig
 .text.HAL_RCC_ClockConfig
                0x0000000008002660      0x238 Drivers/STM32L0xx_HAL_Driver/Src/stm32l0xx_hal_rcc.o
                0x0000000008002660                HAL_RCC_ClockConfig
 .text.HAL_RCC_GetSysClockFreq
                0x0000000008002898       0xa8 Drivers/STM32L0xx_HAL_Driver/Src/stm32l0xx_hal_rcc.o
                0x0000000008002898                HAL_RCC_GetSysClockFreq
 .text.HAL_RCC_GetPCLK1Freq
                0x0000000008002940       0x20 Drivers/STM32L0xx_HAL_Driver/Src/stm32l0xx_hal_rcc.o
                0x0000000008002940                HAL_RCC_GetPCLK1Freq
 .text.HAL_RCC_GetPCLK2Freq
                0x0000000008002960       0x20 Drivers/STM32L0xx_HAL_Driver/Src/stm32l0xx_hal_rcc.o
                0x0000000008002960                HAL_RCC_GetPCLK2Freq
 .text.HAL_RCCEx_PeriphCLKConfig
                0x0000000008002980      0x1b0 Drivers/STM32L0xx_HAL_Driver/Src/stm32l0xx_hal_rcc_ex.o
                0x0000000008002980                HAL_RCCEx_PeriphCLKConfig
 .text.HAL_UART_DeInit
                0x0000000008002b30       0x34 Drivers/STM32L0xx_HAL_Driver/Src/stm32l0xx_hal_uart.o
                0x0000000008002b30                HAL_UART_DeInit
 .text.HAL_UART_Receive_DMA
                0x0000000008002b64       0xb4 Drivers/STM32L0xx_HAL_Driver/Src/stm32l0xx_hal_uart.o
                0x0000000008002b64                HAL_UART_Receive_DMA
 .text.HAL_UART_RxCpltCallback
                0x0000000008002c18        0x4 Drivers/STM32L0xx_HAL_Driver/Src/stm32l0xx_hal_uart.o
                0x0000000008002c18                HAL_UART_RxCpltCallback
 .text.UART_DMAReceiveCplt
                0x0000000008002c1c       0x3c Drivers/STM32L0xx_HAL_Driver/Src/stm32l0xx_hal_uart.o
 .text.HAL_UART_RxHalfCpltCallback
                0x0000000008002c58        0x4 Drivers/STM32L0xx_HAL_Driver/Src/stm32l0xx_hal_uart.o
                0x0000000008002c58                HAL_UART_RxHalfCpltCallback
 .text.UART_DMARxHalfCplt
                0x0000000008002c5c        0xc Drivers/STM32L0xx_HAL_Driver/Src/stm32l0xx_hal_uart.o
 .text.HAL_UART_ErrorCallback
                0x0000000008002c68        0x4 Drivers/STM32L0xx_HAL_Driver/Src/stm32l0xx_hal_uart.o
                0x0000000008002c68                HAL_UART_ErrorCallback
 .text.UART_DMAError
                0x0000000008002c6c       0x64 Drivers/STM32L0xx_HAL_Driver/Src/stm32l0xx_hal_uart.o
 .text.UART_AdvFeatureConfig
                0x0000000008002cd0       0xd0 Drivers/STM32L0xx_HAL_Driver/Src/stm32l0xx_hal_uart.o
                0x0000000008002cd0                UART_AdvFeatureConfig
 .text.HAL_UART_Init
                0x0000000008002da0      0x330 Drivers/STM32L0xx_HAL_Driver/Src/stm32l0xx_hal_uart.o
                0x0000000008002da0                HAL_UART_Init
 .text.HAL_HalfDuplex_Init
                0x00000000080030d0      0x338 Drivers/STM32L0xx_HAL_Driver/Src/stm32l0xx_hal_uart.o
                0x00000000080030d0                HAL_HalfDuplex_Init
 .text.__libc_init_array
                0x0000000008003408       0x48 c:/st/stm32cubeide_1.4.0/stm32cubeide/plugins/com.st.stm32cube.ide.mcu.externaltools.gnu-tools-for-stm32.7-2018-q2-update.win32_1.4.0.202007081208/tools/bin/../lib/gcc/arm-none-eabi/7.3.1/../../../../arm-none-eabi/lib/thumb/v6-m\libc_nano.a(lib_a-init.o)
                0x0000000008003408                __libc_init_array
 .text.memset   0x0000000008003450       0x10 c:/st/stm32cubeide_1.4.0/stm32cubeide/plugins/com.st.stm32cube.ide.mcu.externaltools.gnu-tools-for-stm32.7-2018-q2-update.win32_1.4.0.202007081208/tools/bin/../lib/gcc/arm-none-eabi/7.3.1/../../../../arm-none-eabi/lib/thumb/v6-m\libc_nano.a(lib_a-memset.o)
                0x0000000008003450                memset
 *(.glue_7)
 .glue_7        0x0000000008003460        0x0 linker stubs
 *(.glue_7t)
 .glue_7t       0x0000000008003460        0x0 linker stubs
 *(.eh_frame)
 .eh_frame      0x0000000008003460        0x0 c:/st/stm32cubeide_1.4.0/stm32cubeide/plugins/com.st.stm32cube.ide.mcu.externaltools.gnu-tools-for-stm32.7-2018-q2-update.win32_1.4.0.202007081208/tools/bin/../lib/gcc/arm-none-eabi/7.3.1/thumb/v6-m/crtbegin.o
 *(.init)
 .init          0x0000000008003460        0x4 c:/st/stm32cubeide_1.4.0/stm32cubeide/plugins/com.st.stm32cube.ide.mcu.externaltools.gnu-tools-for-stm32.7-2018-q2-update.win32_1.4.0.202007081208/tools/bin/../lib/gcc/arm-none-eabi/7.3.1/thumb/v6-m/crti.o
                0x0000000008003460                _init
 .init          0x0000000008003464        0x8 c:/st/stm32cubeide_1.4.0/stm32cubeide/plugins/com.st.stm32cube.ide.mcu.externaltools.gnu-tools-for-stm32.7-2018-q2-update.win32_1.4.0.202007081208/tools/bin/../lib/gcc/arm-none-eabi/7.3.1/thumb/v6-m/crtn.o
 *(.fini)
 .fini          0x000000000800346c        0x4 c:/st/stm32cubeide_1.4.0/stm32cubeide/plugins/com.st.stm32cube.ide.mcu.externaltools.gnu-tools-for-stm32.7-2018-q2-update.win32_1.4.0.202007081208/tools/bin/../lib/gcc/arm-none-eabi/7.3.1/thumb/v6-m/crti.o
                0x000000000800346c                _fini
 .fini          0x0000000008003470        0x8 c:/st/stm32cubeide_1.4.0/stm32cubeide/plugins/com.st.stm32cube.ide.mcu.externaltools.gnu-tools-for-stm32.7-2018-q2-update.win32_1.4.0.202007081208/tools/bin/../lib/gcc/arm-none-eabi/7.3.1/thumb/v6-m/crtn.o
                0x0000000008003478                . = ALIGN (0x4)
                0x0000000008003478                _etext = .

.vfp11_veneer   0x0000000008003478        0x0
 .vfp11_veneer  0x0000000008003478        0x0 linker stubs

.v4_bx          0x0000000008003478        0x0
 .v4_bx         0x0000000008003478        0x0 linker stubs

.iplt           0x0000000008003478        0x0
 .iplt          0x0000000008003478        0x0 c:/st/stm32cubeide_1.4.0/stm32cubeide/plugins/com.st.stm32cube.ide.mcu.externaltools.gnu-tools-for-stm32.7-2018-q2-update.win32_1.4.0.202007081208/tools/bin/../lib/gcc/arm-none-eabi/7.3.1/thumb/v6-m/crtbegin.o

.rodata         0x0000000008003478       0xc4
                0x0000000008003478                . = ALIGN (0x4)
 *(.rodata)
 *(.rodata*)
 .rodata.AHBPrescTable
                0x0000000008003478       0x10 Core/Src/system_stm32l0xx.o
                0x0000000008003478                AHBPrescTable
 .rodata.APBPrescTable
                0x0000000008003488        0x8 Core/Src/system_stm32l0xx.o
                0x0000000008003488                APBPrescTable
 .rodata.PLLMulTable
                0x0000000008003490        0x9 Core/Src/system_stm32l0xx.o
                0x0000000008003490                PLLMulTable
 *fill*         0x0000000008003499        0x3 
 .rodata.HAL_UART_Init
                0x000000000800349c       0x48 Drivers/STM32L0xx_HAL_Driver/Src/stm32l0xx_hal_uart.o
 .rodata.HAL_HalfDuplex_Init
                0x00000000080034e4       0x48 Drivers/STM32L0xx_HAL_Driver/Src/stm32l0xx_hal_uart.o
 .rodata.CSWTCH.55
                0x000000000800352c        0xd Drivers/STM32L0xx_HAL_Driver/Src/stm32l0xx_hal_uart.o
                0x000000000800353c                . = ALIGN (0x4)
 *fill*         0x0000000008003539        0x3 

.ARM.extab      0x000000000800353c        0x0
                0x000000000800353c                . = ALIGN (0x4)
 *(.ARM.extab* .gnu.linkonce.armextab.*)
                0x000000000800353c                . = ALIGN (0x4)

.ARM            0x000000000800353c        0x8
                0x000000000800353c                . = ALIGN (0x4)
                0x000000000800353c                __exidx_start = .
 *(.ARM.exidx*)
 .ARM.exidx     0x000000000800353c        0x8 c:/st/stm32cubeide_1.4.0/stm32cubeide/plugins/com.st.stm32cube.ide.mcu.externaltools.gnu-tools-for-stm32.7-2018-q2-update.win32_1.4.0.202007081208/tools/bin/../lib/gcc/arm-none-eabi/7.3.1/thumb/v6-m\libgcc.a(_udivmoddi4.o)
                0x0000000008003544                __exidx_end = .
                0x0000000008003544                . = ALIGN (0x4)

.rel.dyn        0x0000000008003544        0x0
 .rel.iplt      0x0000000008003544        0x0 c:/st/stm32cubeide_1.4.0/stm32cubeide/plugins/com.st.stm32cube.ide.mcu.externaltools.gnu-tools-for-stm32.7-2018-q2-update.win32_1.4.0.202007081208/tools/bin/../lib/gcc/arm-none-eabi/7.3.1/thumb/v6-m/crtbegin.o

.preinit_array  0x0000000008003544        0x0
                0x0000000008003544                . = ALIGN (0x4)
                0x0000000008003544                PROVIDE (__preinit_array_start = .)
 *(.preinit_array*)
                0x0000000008003544                PROVIDE (__preinit_array_end = .)
                0x0000000008003544                . = ALIGN (0x4)

.init_array     0x0000000008003544        0x4
                0x0000000008003544                . = ALIGN (0x4)
                0x0000000008003544                PROVIDE (__init_array_start = .)
 *(SORT_BY_NAME(.init_array.*))
 *(.init_array*)
 .init_array    0x0000000008003544        0x4 c:/st/stm32cubeide_1.4.0/stm32cubeide/plugins/com.st.stm32cube.ide.mcu.externaltools.gnu-tools-for-stm32.7-2018-q2-update.win32_1.4.0.202007081208/tools/bin/../lib/gcc/arm-none-eabi/7.3.1/thumb/v6-m/crtbegin.o
                0x0000000008003548                PROVIDE (__init_array_end = .)
                0x0000000008003548                . = ALIGN (0x4)

.fini_array     0x0000000008003548        0x4
                0x0000000008003548                . = ALIGN (0x4)
                [!provide]                        PROVIDE (__fini_array_start = .)
 *(SORT_BY_NAME(.fini_array.*))
 *(.fini_array*)
 .fini_array    0x0000000008003548        0x4 c:/st/stm32cubeide_1.4.0/stm32cubeide/plugins/com.st.stm32cube.ide.mcu.externaltools.gnu-tools-for-stm32.7-2018-q2-update.win32_1.4.0.202007081208/tools/bin/../lib/gcc/arm-none-eabi/7.3.1/thumb/v6-m/crtbegin.o
                [!provide]                        PROVIDE (__fini_array_end = .)
                0x000000000800354c                . = ALIGN (0x4)
                0x000000000800354c                _sidata = LOADADDR (.data)

.data           0x0000000020000000       0x18 load address 0x000000000800354c
                0x0000000020000000                . = ALIGN (0x4)
                0x0000000020000000                _sdata = .
 *(.data)
 *(.data*)
 .data.ms       0x0000000020000000        0x1 Core/Src/config.o
                0x0000000020000000                ms
 *fill*         0x0000000020000001        0x3 
 .data.vh       0x0000000020000004        0x4 Core/Src/config.o
                0x0000000020000004                vh
 .data.vhi      0x0000000020000008        0x4 Core/Src/config.o
                0x0000000020000008                vhi
 .data.SystemCoreClock
                0x000000002000000c        0x4 Core/Src/system_stm32l0xx.o
                0x000000002000000c                SystemCoreClock
 .data.uwTickFreq
                0x0000000020000010        0x1 Drivers/STM32L0xx_HAL_Driver/Src/stm32l0xx_hal.o
                0x0000000020000010                uwTickFreq
 *fill*         0x0000000020000011        0x3 
 .data.uwTickPrio
                0x0000000020000014        0x4 Drivers/STM32L0xx_HAL_Driver/Src/stm32l0xx_hal.o
                0x0000000020000014                uwTickPrio
                0x0000000020000018                . = ALIGN (0x4)
                0x0000000020000018                _edata = .

.igot.plt       0x0000000020000018        0x0 load address 0x0000000008003564
 .igot.plt      0x0000000020000018        0x0 c:/st/stm32cubeide_1.4.0/stm32cubeide/plugins/com.st.stm32cube.ide.mcu.externaltools.gnu-tools-for-stm32.7-2018-q2-update.win32_1.4.0.202007081208/tools/bin/../lib/gcc/arm-none-eabi/7.3.1/thumb/v6-m/crtbegin.o
                0x0000000020000018                . = ALIGN (0x4)

.bss            0x0000000020000018      0x14c load address 0x0000000008003564
                0x0000000020000018                _sbss = .
                0x0000000020000018                __bss_start__ = _sbss
 *(.bss)
 .bss           0x0000000020000018       0x1c c:/st/stm32cubeide_1.4.0/stm32cubeide/plugins/com.st.stm32cube.ide.mcu.externaltools.gnu-tools-for-stm32.7-2018-q2-update.win32_1.4.0.202007081208/tools/bin/../lib/gcc/arm-none-eabi/7.3.1/thumb/v6-m/crtbegin.o
 *(.bss*)
 .bss.cdark     0x0000000020000034        0x1 Core/Src/config.o
                0x0000000020000034                cdark
 .bss.cnt_ntb   0x0000000020000035        0x1 Core/Src/config.o
                0x0000000020000035                cnt_ntb
 .bss.cnt_ovf   0x0000000020000036        0x1 Core/Src/config.o
                0x0000000020000036                cnt_ovf
 .bss.ntb       0x0000000020000037        0x1 Core/Src/config.o
                0x0000000020000037                ntb
 .bss.pvdi      0x0000000020000038        0x1 Core/Src/config.o
                0x0000000020000038                pvdi
 *fill*         0x0000000020000039        0x1 
 .bss.rtp       0x000000002000003a        0x2 Core/Src/config.o
                0x000000002000003a                rtp
 .bss.rtps      0x000000002000003c        0x1 Core/Src/config.o
                0x000000002000003c                rtps
 *fill*         0x000000002000003d        0x1 
 .bss.t_ble_on_dark
                0x000000002000003e        0x2 Core/Src/config.o
                0x000000002000003e                t_ble_on_dark
 .bss.tadv      0x0000000020000040        0x2 Core/Src/config.o
                0x0000000020000040                tadv
 *(COMMON)
 *fill*         0x0000000020000042        0x2 
 COMMON         0x0000000020000044        0xc Core/Src/config.o
                0x0000000020000044                sConfigPVD
                0x000000002000004c                transmission_params
 COMMON         0x0000000020000050       0xf8 Core/Src/main.o
                0x0000000020000050                hlpuart1
                0x00000000200000d0                hlptim1
                0x0000000020000100                hdma_lpuart1_rx
 COMMON         0x0000000020000148        0x4 Drivers/STM32L0xx_HAL_Driver/Src/stm32l0xx_hal.o
                0x0000000020000148                uwTick
 COMMON         0x000000002000014c       0x18 Drivers/STM32L0xx_HAL_Driver/Src/stm32l0xx_hal_flash.o
                0x000000002000014c                pFlash
                0x0000000020000164                . = ALIGN (0x4)
                0x0000000020000164                _ebss = .
                0x0000000020000164                __bss_end__ = _ebss

._user_heap_stack
                0x0000000020000164      0x604 load address 0x0000000008003564
                0x0000000020000168                . = ALIGN (0x8)
 *fill*         0x0000000020000164        0x4 
                [!provide]                        PROVIDE (end = .)
                0x0000000020000168                PROVIDE (_end = .)
                0x0000000020000368                . = (. + _Min_Heap_Size)
 *fill*         0x0000000020000168      0x200 
                0x0000000020000768                . = (. + _Min_Stack_Size)
 *fill*         0x0000000020000368      0x400 
                0x0000000020000768                . = ALIGN (0x8)

/DISCARD/
 libc.a(*)
 libm.a(*)
 libgcc.a(*)

.ARM.attributes
                0x0000000000000000       0x28
 *(.ARM.attributes)
 .ARM.attributes
                0x0000000000000000       0x1e c:/st/stm32cubeide_1.4.0/stm32cubeide/plugins/com.st.stm32cube.ide.mcu.externaltools.gnu-tools-for-stm32.7-2018-q2-update.win32_1.4.0.202007081208/tools/bin/../lib/gcc/arm-none-eabi/7.3.1/thumb/v6-m/crti.o
 .ARM.attributes
                0x000000000000001e       0x2c c:/st/stm32cubeide_1.4.0/stm32cubeide/plugins/com.st.stm32cube.ide.mcu.externaltools.gnu-tools-for-stm32.7-2018-q2-update.win32_1.4.0.202007081208/tools/bin/../lib/gcc/arm-none-eabi/7.3.1/thumb/v6-m/crtbegin.o
 .ARM.attributes
                0x000000000000004a       0x2e Core/Src/config.o
 .ARM.attributes
                0x0000000000000078       0x2e Core/Src/main.o
 .ARM.attributes
                0x00000000000000a6       0x2e Core/Src/stm32l0xx_hal_msp.o
 .ARM.attributes
                0x00000000000000d4       0x2e Core/Src/stm32l0xx_it.o
 .ARM.attributes
                0x0000000000000102       0x2e Core/Src/system_stm32l0xx.o
 .ARM.attributes
                0x0000000000000130       0x22 Core/Startup/startup_stm32l031f4px.o
 .ARM.attributes
                0x0000000000000152       0x2e Drivers/STM32L0xx_HAL_Driver/Src/stm32l0xx_hal.o
 .ARM.attributes
                0x0000000000000180       0x2e Drivers/STM32L0xx_HAL_Driver/Src/stm32l0xx_hal_cortex.o
 .ARM.attributes
                0x00000000000001ae       0x2e Drivers/STM32L0xx_HAL_Driver/Src/stm32l0xx_hal_dma.o
 .ARM.attributes
                0x00000000000001dc       0x2e Drivers/STM32L0xx_HAL_Driver/Src/stm32l0xx_hal_flash.o
 .ARM.attributes
                0x000000000000020a       0x2e Drivers/STM32L0xx_HAL_Driver/Src/stm32l0xx_hal_flash_ex.o
 .ARM.attributes
                0x0000000000000238       0x2e Drivers/STM32L0xx_HAL_Driver/Src/stm32l0xx_hal_gpio.o
 .ARM.attributes
                0x0000000000000266       0x2e Drivers/STM32L0xx_HAL_Driver/Src/stm32l0xx_hal_lptim.o
 .ARM.attributes
                0x0000000000000294       0x2e Drivers/STM32L0xx_HAL_Driver/Src/stm32l0xx_hal_pwr.o
 .ARM.attributes
                0x00000000000002c2       0x2e Drivers/STM32L0xx_HAL_Driver/Src/stm32l0xx_hal_rcc.o
 .ARM.attributes
                0x00000000000002f0       0x2e Drivers/STM32L0xx_HAL_Driver/Src/stm32l0xx_hal_rcc_ex.o
 .ARM.attributes
                0x000000000000031e       0x2e Drivers/STM32L0xx_HAL_Driver/Src/stm32l0xx_hal_uart.o
 .ARM.attributes
                0x000000000000034c       0x2c c:/st/stm32cubeide_1.4.0/stm32cubeide/plugins/com.st.stm32cube.ide.mcu.externaltools.gnu-tools-for-stm32.7-2018-q2-update.win32_1.4.0.202007081208/tools/bin/../lib/gcc/arm-none-eabi/7.3.1/../../../../arm-none-eabi/lib/thumb/v6-m\libc_nano.a(lib_a-init.o)
 .ARM.attributes
                0x0000000000000378       0x2c c:/st/stm32cubeide_1.4.0/stm32cubeide/plugins/com.st.stm32cube.ide.mcu.externaltools.gnu-tools-for-stm32.7-2018-q2-update.win32_1.4.0.202007081208/tools/bin/../lib/gcc/arm-none-eabi/7.3.1/../../../../arm-none-eabi/lib/thumb/v6-m\libc_nano.a(lib_a-memset.o)
 .ARM.attributes
                0x00000000000003a4       0x1e c:/st/stm32cubeide_1.4.0/stm32cubeide/plugins/com.st.stm32cube.ide.mcu.externaltools.gnu-tools-for-stm32.7-2018-q2-update.win32_1.4.0.202007081208/tools/bin/../lib/gcc/arm-none-eabi/7.3.1/thumb/v6-m\libgcc.a(_udivsi3.o)
 .ARM.attributes
                0x00000000000003c2       0x1e c:/st/stm32cubeide_1.4.0/stm32cubeide/plugins/com.st.stm32cube.ide.mcu.externaltools.gnu-tools-for-stm32.7-2018-q2-update.win32_1.4.0.202007081208/tools/bin/../lib/gcc/arm-none-eabi/7.3.1/thumb/v6-m\libgcc.a(_dvmd_tls.o)
 .ARM.attributes
                0x00000000000003e0       0x1e c:/st/stm32cubeide_1.4.0/stm32cubeide/plugins/com.st.stm32cube.ide.mcu.externaltools.gnu-tools-for-stm32.7-2018-q2-update.win32_1.4.0.202007081208/tools/bin/../lib/gcc/arm-none-eabi/7.3.1/thumb/v6-m\libgcc.a(_aeabi_uldivmod.o)
 .ARM.attributes
                0x00000000000003fe       0x2c c:/st/stm32cubeide_1.4.0/stm32cubeide/plugins/com.st.stm32cube.ide.mcu.externaltools.gnu-tools-for-stm32.7-2018-q2-update.win32_1.4.0.202007081208/tools/bin/../lib/gcc/arm-none-eabi/7.3.1/thumb/v6-m\libgcc.a(_udivmoddi4.o)
 .ARM.attributes
                0x000000000000042a       0x1e c:/st/stm32cubeide_1.4.0/stm32cubeide/plugins/com.st.stm32cube.ide.mcu.externaltools.gnu-tools-for-stm32.7-2018-q2-update.win32_1.4.0.202007081208/tools/bin/../lib/gcc/arm-none-eabi/7.3.1/thumb/v6-m\libgcc.a(_clzdi2.o)
 .ARM.attributes
                0x0000000000000448       0x1e c:/st/stm32cubeide_1.4.0/stm32cubeide/plugins/com.st.stm32cube.ide.mcu.externaltools.gnu-tools-for-stm32.7-2018-q2-update.win32_1.4.0.202007081208/tools/bin/../lib/gcc/arm-none-eabi/7.3.1/thumb/v6-m\libgcc.a(_clzsi2.o)
 .ARM.attributes
                0x0000000000000466       0x1e c:/st/stm32cubeide_1.4.0/stm32cubeide/plugins/com.st.stm32cube.ide.mcu.externaltools.gnu-tools-for-stm32.7-2018-q2-update.win32_1.4.0.202007081208/tools/bin/../lib/gcc/arm-none-eabi/7.3.1/thumb/v6-m/crtn.o
OUTPUT(BFTAG01_STM32L031F4_PVD.elf elf32-littlearm)

.debug_info     0x0000000000000000     0xeab0
 .debug_info    0x0000000000000000     0x2370 Core/Src/config.o
 .debug_info    0x0000000000002370     0x1a4f Core/Src/main.o
 .debug_info    0x0000000000003dbf      0xd86 Core/Src/stm32l0xx_hal_msp.o
 .debug_info    0x0000000000004b45     0x12e8 Core/Src/stm32l0xx_it.o
 .debug_info    0x0000000000005e2d      0x3de Core/Src/system_stm32l0xx.o
 .debug_info    0x000000000000620b       0x22 Core/Startup/startup_stm32l031f4px.o
 .debug_info    0x000000000000622d      0x8ec Drivers/STM32L0xx_HAL_Driver/Src/stm32l0xx_hal.o
 .debug_info    0x0000000000006b19      0x83f Drivers/STM32L0xx_HAL_Driver/Src/stm32l0xx_hal_cortex.o
 .debug_info    0x0000000000007358      0x893 Drivers/STM32L0xx_HAL_Driver/Src/stm32l0xx_hal_dma.o
 .debug_info    0x0000000000007beb      0x7a1 Drivers/STM32L0xx_HAL_Driver/Src/stm32l0xx_hal_flash.o
 .debug_info    0x000000000000838c      0xdeb Drivers/STM32L0xx_HAL_Driver/Src/stm32l0xx_hal_flash_ex.o
 .debug_info    0x0000000000009177      0x728 Drivers/STM32L0xx_HAL_Driver/Src/stm32l0xx_hal_gpio.o
 .debug_info    0x000000000000989f     0x13b3 Drivers/STM32L0xx_HAL_Driver/Src/stm32l0xx_hal_lptim.o
 .debug_info    0x000000000000ac52      0x6bb Drivers/STM32L0xx_HAL_Driver/Src/stm32l0xx_hal_pwr.o
 .debug_info    0x000000000000b30d      0xcc8 Drivers/STM32L0xx_HAL_Driver/Src/stm32l0xx_hal_rcc.o
 .debug_info    0x000000000000bfd5      0x593 Drivers/STM32L0xx_HAL_Driver/Src/stm32l0xx_hal_rcc_ex.o
 .debug_info    0x000000000000c568     0x2548 Drivers/STM32L0xx_HAL_Driver/Src/stm32l0xx_hal_uart.o

.debug_abbrev   0x0000000000000000     0x270c
 .debug_abbrev  0x0000000000000000      0x2ce Core/Src/config.o
 .debug_abbrev  0x00000000000002ce      0x2fc Core/Src/main.o
 .debug_abbrev  0x00000000000005ca      0x1d6 Core/Src/stm32l0xx_hal_msp.o
 .debug_abbrev  0x00000000000007a0      0x257 Core/Src/stm32l0xx_it.o
 .debug_abbrev  0x00000000000009f7      0x12b Core/Src/system_stm32l0xx.o
 .debug_abbrev  0x0000000000000b22       0x12 Core/Startup/startup_stm32l031f4px.o
 .debug_abbrev  0x0000000000000b34      0x289 Drivers/STM32L0xx_HAL_Driver/Src/stm32l0xx_hal.o
 .debug_abbrev  0x0000000000000dbd      0x244 Drivers/STM32L0xx_HAL_Driver/Src/stm32l0xx_hal_cortex.o
 .debug_abbrev  0x0000000000001001      0x20e Drivers/STM32L0xx_HAL_Driver/Src/stm32l0xx_hal_dma.o
 .debug_abbrev  0x000000000000120f      0x359 Drivers/STM32L0xx_HAL_Driver/Src/stm32l0xx_hal_flash.o
 .debug_abbrev  0x0000000000001568      0x333 Drivers/STM32L0xx_HAL_Driver/Src/stm32l0xx_hal_flash_ex.o
 .debug_abbrev  0x000000000000189b      0x1de Drivers/STM32L0xx_HAL_Driver/Src/stm32l0xx_hal_gpio.o
 .debug_abbrev  0x0000000000001a79      0x2c0 Drivers/STM32L0xx_HAL_Driver/Src/stm32l0xx_hal_lptim.o
 .debug_abbrev  0x0000000000001d39      0x1ab Drivers/STM32L0xx_HAL_Driver/Src/stm32l0xx_hal_pwr.o
 .debug_abbrev  0x0000000000001ee4      0x2d6 Drivers/STM32L0xx_HAL_Driver/Src/stm32l0xx_hal_rcc.o
 .debug_abbrev  0x00000000000021ba      0x1e3 Drivers/STM32L0xx_HAL_Driver/Src/stm32l0xx_hal_rcc_ex.o
 .debug_abbrev  0x000000000000239d      0x36f Drivers/STM32L0xx_HAL_Driver/Src/stm32l0xx_hal_uart.o

.debug_loc      0x0000000000000000     0x6562
 .debug_loc     0x0000000000000000       0x36 Core/Src/config.o
 .debug_loc     0x0000000000000036       0xed Core/Src/stm32l0xx_hal_msp.o
 .debug_loc     0x0000000000000123      0x1ac Core/Src/system_stm32l0xx.o
 .debug_loc     0x00000000000002cf      0x167 Drivers/STM32L0xx_HAL_Driver/Src/stm32l0xx_hal.o
 .debug_loc     0x0000000000000436      0x357 Drivers/STM32L0xx_HAL_Driver/Src/stm32l0xx_hal_cortex.o
 .debug_loc     0x000000000000078d      0x8a0 Drivers/STM32L0xx_HAL_Driver/Src/stm32l0xx_hal_dma.o
 .debug_loc     0x000000000000102d      0x351 Drivers/STM32L0xx_HAL_Driver/Src/stm32l0xx_hal_flash.o
 .debug_loc     0x000000000000137e      0xa8d Drivers/STM32L0xx_HAL_Driver/Src/stm32l0xx_hal_flash_ex.o
 .debug_loc     0x0000000000001e0b      0x430 Drivers/STM32L0xx_HAL_Driver/Src/stm32l0xx_hal_gpio.o
 .debug_loc     0x000000000000223b     0x1635 Drivers/STM32L0xx_HAL_Driver/Src/stm32l0xx_hal_lptim.o
 .debug_loc     0x0000000000003870      0x13a Drivers/STM32L0xx_HAL_Driver/Src/stm32l0xx_hal_pwr.o
 .debug_loc     0x00000000000039aa      0x787 Drivers/STM32L0xx_HAL_Driver/Src/stm32l0xx_hal_rcc.o
 .debug_loc     0x0000000000004131      0x2c9 Drivers/STM32L0xx_HAL_Driver/Src/stm32l0xx_hal_rcc_ex.o
 .debug_loc     0x00000000000043fa     0x2168 Drivers/STM32L0xx_HAL_Driver/Src/stm32l0xx_hal_uart.o

.debug_aranges  0x0000000000000000      0x890
 .debug_aranges
                0x0000000000000000       0x28 Core/Src/config.o
 .debug_aranges
                0x0000000000000028       0x30 Core/Src/main.o
 .debug_aranges
                0x0000000000000058       0x40 Core/Src/stm32l0xx_hal_msp.o
 .debug_aranges
                0x0000000000000098       0x48 Core/Src/stm32l0xx_it.o
 .debug_aranges
                0x00000000000000e0       0x28 Core/Src/system_stm32l0xx.o
 .debug_aranges
                0x0000000000000108       0x28 Core/Startup/startup_stm32l031f4px.o
 .debug_aranges
                0x0000000000000130      0x108 Drivers/STM32L0xx_HAL_Driver/Src/stm32l0xx_hal.o
 .debug_aranges
                0x0000000000000238       0x78 Drivers/STM32L0xx_HAL_Driver/Src/stm32l0xx_hal_cortex.o
 .debug_aranges
                0x00000000000002b0       0x78 Drivers/STM32L0xx_HAL_Driver/Src/stm32l0xx_hal_dma.o
 .debug_aranges
                0x0000000000000328       0x78 Drivers/STM32L0xx_HAL_Driver/Src/stm32l0xx_hal_flash.o
 .debug_aranges
                0x00000000000003a0       0x90 Drivers/STM32L0xx_HAL_Driver/Src/stm32l0xx_hal_flash_ex.o
 .debug_aranges
                0x0000000000000430       0x58 Drivers/STM32L0xx_HAL_Driver/Src/stm32l0xx_hal_gpio.o
 .debug_aranges
                0x0000000000000488       0xf8 Drivers/STM32L0xx_HAL_Driver/Src/stm32l0xx_hal_lptim.o
 .debug_aranges
                0x0000000000000580       0xa0 Drivers/STM32L0xx_HAL_Driver/Src/stm32l0xx_hal_pwr.o
 .debug_aranges
                0x0000000000000620       0x80 Drivers/STM32L0xx_HAL_Driver/Src/stm32l0xx_hal_rcc.o
 .debug_aranges
                0x00000000000006a0       0x58 Drivers/STM32L0xx_HAL_Driver/Src/stm32l0xx_hal_rcc_ex.o
 .debug_aranges
                0x00000000000006f8      0x198 Drivers/STM32L0xx_HAL_Driver/Src/stm32l0xx_hal_uart.o

.debug_ranges   0x0000000000000000     0x11b8
 .debug_ranges  0x0000000000000000      0x138 Core/Src/config.o
 .debug_ranges  0x0000000000000138       0xf0 Core/Src/main.o
 .debug_ranges  0x0000000000000228       0x50 Core/Src/stm32l0xx_hal_msp.o
 .debug_ranges  0x0000000000000278       0x38 Core/Src/stm32l0xx_it.o
 .debug_ranges  0x00000000000002b0       0x18 Core/Src/system_stm32l0xx.o
 .debug_ranges  0x00000000000002c8       0x20 Core/Startup/startup_stm32l031f4px.o
 .debug_ranges  0x00000000000002e8       0xf8 Drivers/STM32L0xx_HAL_Driver/Src/stm32l0xx_hal.o
 .debug_ranges  0x00000000000003e0      0x100 Drivers/STM32L0xx_HAL_Driver/Src/stm32l0xx_hal_cortex.o
 .debug_ranges  0x00000000000004e0       0xb0 Drivers/STM32L0xx_HAL_Driver/Src/stm32l0xx_hal_dma.o
 .debug_ranges  0x0000000000000590       0xb8 Drivers/STM32L0xx_HAL_Driver/Src/stm32l0xx_hal_flash.o
 .debug_ranges  0x0000000000000648      0x170 Drivers/STM32L0xx_HAL_Driver/Src/stm32l0xx_hal_flash_ex.o
 .debug_ranges  0x00000000000007b8       0x48 Drivers/STM32L0xx_HAL_Driver/Src/stm32l0xx_hal_gpio.o
 .debug_ranges  0x0000000000000800      0x1a8 Drivers/STM32L0xx_HAL_Driver/Src/stm32l0xx_hal_lptim.o
 .debug_ranges  0x00000000000009a8       0x90 Drivers/STM32L0xx_HAL_Driver/Src/stm32l0xx_hal_pwr.o
 .debug_ranges  0x0000000000000a38      0x188 Drivers/STM32L0xx_HAL_Driver/Src/stm32l0xx_hal_rcc.o
 .debug_ranges  0x0000000000000bc0       0x60 Drivers/STM32L0xx_HAL_Driver/Src/stm32l0xx_hal_rcc_ex.o
 .debug_ranges  0x0000000000000c20      0x598 Drivers/STM32L0xx_HAL_Driver/Src/stm32l0xx_hal_uart.o

.debug_macro    0x0000000000000000    0x11cee
 .debug_macro   0x0000000000000000      0x34a Core/Src/config.o
 .debug_macro   0x000000000000034a      0xa54 Core/Src/config.o
 .debug_macro   0x0000000000000d9e       0x22 Core/Src/config.o
 .debug_macro   0x0000000000000dc0       0x40 Core/Src/config.o
 .debug_macro   0x0000000000000e00       0x18 Core/Src/config.o
 .debug_macro   0x0000000000000e18       0x94 Core/Src/config.o
 .debug_macro   0x0000000000000eac       0x3c Core/Src/config.o
 .debug_macro   0x0000000000000ee8       0x34 Core/Src/config.o
 .debug_macro   0x0000000000000f1c       0x16 Core/Src/config.o
 .debug_macro   0x0000000000000f32       0x57 Core/Src/config.o
 .debug_macro   0x0000000000000f89       0x97 Core/Src/config.o
 .debug_macro   0x0000000000001020      0x330 Core/Src/config.o
 .debug_macro   0x0000000000001350       0xfd Core/Src/config.o
 .debug_macro   0x000000000000144d       0x10 Core/Src/config.o
 .debug_macro   0x000000000000145d       0x52 Core/Src/config.o
 .debug_macro   0x00000000000014af       0x1f Core/Src/config.o
 .debug_macro   0x00000000000014ce       0x43 Core/Src/config.o
 .debug_macro   0x0000000000001511       0x20 Core/Src/config.o
 .debug_macro   0x0000000000001531      0x1a3 Core/Src/config.o
 .debug_macro   0x00000000000016d4       0x10 Core/Src/config.o
 .debug_macro   0x00000000000016e4       0x6a Core/Src/config.o
 .debug_macro   0x000000000000174e       0x1c Core/Src/config.o
 .debug_macro   0x000000000000176a       0x52 Core/Src/config.o
 .debug_macro   0x00000000000017bc       0x40 Core/Src/config.o
 .debug_macro   0x00000000000017fc       0x10 Core/Src/config.o
 .debug_macro   0x000000000000180c       0x40 Core/Src/config.o
 .debug_macro   0x000000000000184c       0xd7 Core/Src/config.o
 .debug_macro   0x0000000000001923       0x1c Core/Src/config.o
 .debug_macro   0x000000000000193f       0x3d Core/Src/config.o
 .debug_macro   0x000000000000197c       0x16 Core/Src/config.o
 .debug_macro   0x0000000000001992      0x145 Core/Src/config.o
 .debug_macro   0x0000000000001ad7       0x16 Core/Src/config.o
 .debug_macro   0x0000000000001aed       0x35 Core/Src/config.o
 .debug_macro   0x0000000000001b22       0x16 Core/Src/config.o
 .debug_macro   0x0000000000001b38       0x29 Core/Src/config.o
 .debug_macro   0x0000000000001b61      0x11f Core/Src/config.o
 .debug_macro   0x0000000000001c80       0x2e Core/Src/config.o
 .debug_macro   0x0000000000001cae       0x28 Core/Src/config.o
 .debug_macro   0x0000000000001cd6       0xef Core/Src/config.o
 .debug_macro   0x0000000000001dc5      0x1df Core/Src/config.o
 .debug_macro   0x0000000000001fa4       0x34 Core/Src/config.o
 .debug_macro   0x0000000000001fd8       0x26 Core/Src/config.o
 .debug_macro   0x0000000000001ffe      0x329 Core/Src/config.o
 .debug_macro   0x0000000000002327     0x7ef2 Core/Src/config.o
 .debug_macro   0x000000000000a219       0x3c Core/Src/config.o
 .debug_macro   0x000000000000a255     0x352c Core/Src/config.o
 .debug_macro   0x000000000000d781       0x55 Core/Src/config.o
 .debug_macro   0x000000000000d7d6      0x8ae Core/Src/config.o
 .debug_macro   0x000000000000e084      0x474 Core/Src/config.o
 .debug_macro   0x000000000000e4f8      0x13f Core/Src/config.o
 .debug_macro   0x000000000000e637      0x10d Core/Src/config.o
 .debug_macro   0x000000000000e744      0x28e Core/Src/config.o
 .debug_macro   0x000000000000e9d2       0x28 Core/Src/config.o
 .debug_macro   0x000000000000e9fa      0x129 Core/Src/config.o
 .debug_macro   0x000000000000eb23      0x244 Core/Src/config.o
 .debug_macro   0x000000000000ed67      0x22c Core/Src/config.o
 .debug_macro   0x000000000000ef93       0x5b Core/Src/config.o
 .debug_macro   0x000000000000efee       0xa5 Core/Src/config.o
 .debug_macro   0x000000000000f093      0x25c Core/Src/config.o
 .debug_macro   0x000000000000f2ef      0x18d Core/Src/config.o
 .debug_macro   0x000000000000f47c       0x16 Core/Src/config.o
 .debug_macro   0x000000000000f492      0x57b Core/Src/config.o
 .debug_macro   0x000000000000fa0d       0x44 Core/Src/config.o
 .debug_macro   0x000000000000fa51      0x12a Core/Src/config.o
 .debug_macro   0x000000000000fb7b       0x76 Core/Src/config.o
 .debug_macro   0x000000000000fbf1       0x8e Core/Src/config.o
 .debug_macro   0x000000000000fc7f      0x354 Core/Src/main.o
 .debug_macro   0x000000000000ffd3       0x8e Core/Src/main.o
 .debug_macro   0x0000000000010061       0x51 Core/Src/main.o
 .debug_macro   0x00000000000100b2      0x174 Core/Src/main.o
 .debug_macro   0x0000000000010226       0x5b Core/Src/main.o
 .debug_macro   0x0000000000010281       0x46 Core/Src/main.o
 .debug_macro   0x00000000000102c7      0x1bd Core/Src/stm32l0xx_hal_msp.o
 .debug_macro   0x0000000000010484      0x35e Core/Src/stm32l0xx_it.o
 .debug_macro   0x00000000000107e2      0x1b4 Core/Src/system_stm32l0xx.o
 .debug_macro   0x0000000000010996      0x1d2 Drivers/STM32L0xx_HAL_Driver/Src/stm32l0xx_hal.o
 .debug_macro   0x0000000000010b68      0x1ae Drivers/STM32L0xx_HAL_Driver/Src/stm32l0xx_hal_cortex.o
 .debug_macro   0x0000000000010d16      0x1ae Drivers/STM32L0xx_HAL_Driver/Src/stm32l0xx_hal_dma.o
 .debug_macro   0x0000000000010ec4      0x1af Drivers/STM32L0xx_HAL_Driver/Src/stm32l0xx_hal_flash.o
 .debug_macro   0x0000000000011073      0x1ae Drivers/STM32L0xx_HAL_Driver/Src/stm32l0xx_hal_flash_ex.o
 .debug_macro   0x0000000000011221      0x1e6 Drivers/STM32L0xx_HAL_Driver/Src/stm32l0xx_hal_gpio.o
 .debug_macro   0x0000000000011407      0x1b6 Drivers/STM32L0xx_HAL_Driver/Src/stm32l0xx_hal_lptim.o
 .debug_macro   0x00000000000115bd      0x1c6 Drivers/STM32L0xx_HAL_Driver/Src/stm32l0xx_hal_pwr.o
 .debug_macro   0x0000000000011783      0x1e4 Drivers/STM32L0xx_HAL_Driver/Src/stm32l0xx_hal_rcc.o
 .debug_macro   0x0000000000011967      0x1ae Drivers/STM32L0xx_HAL_Driver/Src/stm32l0xx_hal_rcc_ex.o
 .debug_macro   0x0000000000011b15      0x1d9 Drivers/STM32L0xx_HAL_Driver/Src/stm32l0xx_hal_uart.o

.debug_line     0x0000000000000000     0xa4fe
 .debug_line    0x0000000000000000      0xa90 Core/Src/config.o
 .debug_line    0x0000000000000a90      0x97e Core/Src/main.o
 .debug_line    0x000000000000140e      0x76c Core/Src/stm32l0xx_hal_msp.o
 .debug_line    0x0000000000001b7a      0x926 Core/Src/stm32l0xx_it.o
 .debug_line    0x00000000000024a0      0x6ef Core/Src/system_stm32l0xx.o
 .debug_line    0x0000000000002b8f       0x8a Core/Startup/startup_stm32l031f4px.o
 .debug_line    0x0000000000002c19      0x92c Drivers/STM32L0xx_HAL_Driver/Src/stm32l0xx_hal.o
 .debug_line    0x0000000000003545      0x840 Drivers/STM32L0xx_HAL_Driver/Src/stm32l0xx_hal_cortex.o
 .debug_line    0x0000000000003d85      0x9bb Drivers/STM32L0xx_HAL_Driver/Src/stm32l0xx_hal_dma.o
 .debug_line    0x0000000000004740      0x9a2 Drivers/STM32L0xx_HAL_Driver/Src/stm32l0xx_hal_flash.o
 .debug_line    0x00000000000050e2      0xa12 Drivers/STM32L0xx_HAL_Driver/Src/stm32l0xx_hal_flash_ex.o
 .debug_line    0x0000000000005af4      0x854 Drivers/STM32L0xx_HAL_Driver/Src/stm32l0xx_hal_gpio.o
 .debug_line    0x0000000000006348      0xe83 Drivers/STM32L0xx_HAL_Driver/Src/stm32l0xx_hal_lptim.o
 .debug_line    0x00000000000071cb      0x851 Drivers/STM32L0xx_HAL_Driver/Src/stm32l0xx_hal_pwr.o
 .debug_line    0x0000000000007a1c      0xb09 Drivers/STM32L0xx_HAL_Driver/Src/stm32l0xx_hal_rcc.o
 .debug_line    0x0000000000008525      0x884 Drivers/STM32L0xx_HAL_Driver/Src/stm32l0xx_hal_rcc_ex.o
 .debug_line    0x0000000000008da9     0x1755 Drivers/STM32L0xx_HAL_Driver/Src/stm32l0xx_hal_uart.o

.debug_str      0x0000000000000000    0x6805e
 .debug_str     0x0000000000000000    0x65927 Core/Src/config.o
                                      0x65db7 (size before relaxing)
 .debug_str     0x0000000000065927      0x3b9 Core/Src/main.o
                                      0x65e85 (size before relaxing)
 .debug_str     0x0000000000065ce0       0x9f Core/Src/stm32l0xx_hal_msp.o
                                      0x6192a (size before relaxing)
 .debug_str     0x0000000000065d7f       0xed Core/Src/stm32l0xx_it.o
                                      0x65b4a (size before relaxing)
 .debug_str     0x0000000000065e6c       0xa6 Core/Src/system_stm32l0xx.o
                                      0x60fa8 (size before relaxing)
 .debug_str     0x0000000000065f12       0x36 Core/Startup/startup_stm32l031f4px.o
                                         0x77 (size before relaxing)
 .debug_str     0x0000000000065f48      0x407 Drivers/STM32L0xx_HAL_Driver/Src/stm32l0xx_hal.o
                                      0x615c0 (size before relaxing)
 .debug_str     0x000000000006634f      0x15d Drivers/STM32L0xx_HAL_Driver/Src/stm32l0xx_hal_cortex.o
                                      0x61296 (size before relaxing)
 .debug_str     0x00000000000664ac      0x250 Drivers/STM32L0xx_HAL_Driver/Src/stm32l0xx_hal_dma.o
                                      0x61321 (size before relaxing)
 .debug_str     0x00000000000666fc      0x254 Drivers/STM32L0xx_HAL_Driver/Src/stm32l0xx_hal_flash.o
                                      0x611a7 (size before relaxing)
 .debug_str     0x0000000000066950      0x3a6 Drivers/STM32L0xx_HAL_Driver/Src/stm32l0xx_hal_flash_ex.o
                                      0x61485 (size before relaxing)
 .debug_str     0x0000000000066cf6      0x1d5 Drivers/STM32L0xx_HAL_Driver/Src/stm32l0xx_hal_gpio.o
                                      0x61258 (size before relaxing)
 .debug_str     0x0000000000066ecb      0x3e2 Drivers/STM32L0xx_HAL_Driver/Src/stm32l0xx_hal_lptim.o
                                      0x615e9 (size before relaxing)
 .debug_str     0x00000000000672ad      0x23e Drivers/STM32L0xx_HAL_Driver/Src/stm32l0xx_hal_pwr.o
                                      0x61224 (size before relaxing)
 .debug_str     0x00000000000674eb      0x2ac Drivers/STM32L0xx_HAL_Driver/Src/stm32l0xx_hal_rcc.o
                                      0x61471 (size before relaxing)
 .debug_str     0x0000000000067797      0x120 Drivers/STM32L0xx_HAL_Driver/Src/stm32l0xx_hal_rcc_ex.o
                                      0x6119f (size before relaxing)
 .debug_str     0x00000000000678b7      0x7a7 Drivers/STM32L0xx_HAL_Driver/Src/stm32l0xx_hal_uart.o
                                      0x61c16 (size before relaxing)

.comment        0x0000000000000000       0x7b
 .comment       0x0000000000000000       0x7b Core/Src/config.o
                                         0x7c (size before relaxing)
 .comment       0x000000000000007b       0x7c Core/Src/main.o
 .comment       0x000000000000007b       0x7c Core/Src/stm32l0xx_hal_msp.o
 .comment       0x000000000000007b       0x7c Core/Src/stm32l0xx_it.o
 .comment       0x000000000000007b       0x7c Core/Src/system_stm32l0xx.o
 .comment       0x000000000000007b       0x7c Drivers/STM32L0xx_HAL_Driver/Src/stm32l0xx_hal.o
 .comment       0x000000000000007b       0x7c Drivers/STM32L0xx_HAL_Driver/Src/stm32l0xx_hal_cortex.o
 .comment       0x000000000000007b       0x7c Drivers/STM32L0xx_HAL_Driver/Src/stm32l0xx_hal_dma.o
 .comment       0x000000000000007b       0x7c Drivers/STM32L0xx_HAL_Driver/Src/stm32l0xx_hal_flash.o
 .comment       0x000000000000007b       0x7c Drivers/STM32L0xx_HAL_Driver/Src/stm32l0xx_hal_flash_ex.o
 .comment       0x000000000000007b       0x7c Drivers/STM32L0xx_HAL_Driver/Src/stm32l0xx_hal_gpio.o
 .comment       0x000000000000007b       0x7c Drivers/STM32L0xx_HAL_Driver/Src/stm32l0xx_hal_lptim.o
 .comment       0x000000000000007b       0x7c Drivers/STM32L0xx_HAL_Driver/Src/stm32l0xx_hal_pwr.o
 .comment       0x000000000000007b       0x7c Drivers/STM32L0xx_HAL_Driver/Src/stm32l0xx_hal_rcc.o
 .comment       0x000000000000007b       0x7c Drivers/STM32L0xx_HAL_Driver/Src/stm32l0xx_hal_rcc_ex.o
 .comment       0x000000000000007b       0x7c Drivers/STM32L0xx_HAL_Driver/Src/stm32l0xx_hal_uart.o

.debug_frame    0x0000000000000000     0x18b4
 .debug_frame   0x0000000000000000       0x4c Core/Src/config.o
 .debug_frame   0x000000000000004c       0x64 Core/Src/main.o
 .debug_frame   0x00000000000000b0       0x8c Core/Src/stm32l0xx_hal_msp.o
 .debug_frame   0x000000000000013c       0xb0 Core/Src/stm32l0xx_it.o
 .debug_frame   0x00000000000001ec       0x38 Core/Src/system_stm32l0xx.o
 .debug_frame   0x0000000000000224      0x230 Drivers/STM32L0xx_HAL_Driver/Src/stm32l0xx_hal.o
 .debug_frame   0x0000000000000454       0xec Drivers/STM32L0xx_HAL_Driver/Src/stm32l0xx_hal_cortex.o
 .debug_frame   0x0000000000000540      0x150 Drivers/STM32L0xx_HAL_Driver/Src/stm32l0xx_hal_dma.o
 .debug_frame   0x0000000000000690      0x15c Drivers/STM32L0xx_HAL_Driver/Src/stm32l0xx_hal_flash.o
 .debug_frame   0x00000000000007ec      0x178 Drivers/STM32L0xx_HAL_Driver/Src/stm32l0xx_hal_flash_ex.o
 .debug_frame   0x0000000000000964       0xd4 Drivers/STM32L0xx_HAL_Driver/Src/stm32l0xx_hal_gpio.o
 .debug_frame   0x0000000000000a38      0x4d0 Drivers/STM32L0xx_HAL_Driver/Src/stm32l0xx_hal_lptim.o
 .debug_frame   0x0000000000000f08      0x13c Drivers/STM32L0xx_HAL_Driver/Src/stm32l0xx_hal_pwr.o
 .debug_frame   0x0000000000001044      0x154 Drivers/STM32L0xx_HAL_Driver/Src/stm32l0xx_hal_rcc.o
 .debug_frame   0x0000000000001198       0xbc Drivers/STM32L0xx_HAL_Driver/Src/stm32l0xx_hal_rcc_ex.o
 .debug_frame   0x0000000000001254      0x5b8 Drivers/STM32L0xx_HAL_Driver/Src/stm32l0xx_hal_uart.o
 .debug_frame   0x000000000000180c       0x2c c:/st/stm32cubeide_1.4.0/stm32cubeide/plugins/com.st.stm32cube.ide.mcu.externaltools.gnu-tools-for-stm32.7-2018-q2-update.win32_1.4.0.202007081208/tools/bin/../lib/gcc/arm-none-eabi/7.3.1/../../../../arm-none-eabi/lib/thumb/v6-m\libc_nano.a(lib_a-init.o)
 .debug_frame   0x0000000000001838       0x20 c:/st/stm32cubeide_1.4.0/stm32cubeide/plugins/com.st.stm32cube.ide.mcu.externaltools.gnu-tools-for-stm32.7-2018-q2-update.win32_1.4.0.202007081208/tools/bin/../lib/gcc/arm-none-eabi/7.3.1/../../../../arm-none-eabi/lib/thumb/v6-m\libc_nano.a(lib_a-memset.o)
 .debug_frame   0x0000000000001858       0x20 c:/st/stm32cubeide_1.4.0/stm32cubeide/plugins/com.st.stm32cube.ide.mcu.externaltools.gnu-tools-for-stm32.7-2018-q2-update.win32_1.4.0.202007081208/tools/bin/../lib/gcc/arm-none-eabi/7.3.1/thumb/v6-m\libgcc.a(_udivsi3.o)
 .debug_frame   0x0000000000001878       0x3c c:/st/stm32cubeide_1.4.0/stm32cubeide/plugins/com.st.stm32cube.ide.mcu.externaltools.gnu-tools-for-stm32.7-2018-q2-update.win32_1.4.0.202007081208/tools/bin/../lib/gcc/arm-none-eabi/7.3.1/thumb/v6-m\libgcc.a(_udivmoddi4.o)
