stm32l0xx_hal_i2c.c:6006:13:I2C_Flush_TXDR	0	static
stm32l0xx_hal_i2c.c:6454:13:I2C_TransferConfig	12	static
stm32l0xx_hal_i2c.c:6477:13:I2C_Enable_IRQ	8	static
stm32l0xx_hal_i2c.c:6548:13:I2C_Disable_IRQ	8	static
stm32l0xx_hal_i2c.c:6611:13:I2C_ConvertOtherXferOptions	0	static
stm32l0xx_hal_i2c.c:6386:26:I2C_IsAcknowledgeFailed	24	static
stm32l0xx_hal_i2c.c:6323:26:I2C_WaitOnRXNEFlagUntilTimeout	24	static
stm32l0xx_hal_i2c.c:6289:26:I2C_WaitOnSTOPFlagUntilTimeout	24	static
stm32l0xx_hal_i2c.c:6221:26:I2C_WaitOnFlagUntilTimeout	24	static
stm32l0xx_hal_i2c.c:6252:26:I2C_WaitOnTXISFlagUntilTimeout	24	static
stm32l0xx_hal_i2c.c:5179:26:I2C_RequestMemoryWrite	24	static
stm32l0xx_hal_i2c.c:5233:26:I2C_RequestMemoryRead	24	static
stm32l0xx_hal_i2c.c:631:13:HAL_I2C_MspInit	0	static
stm32l0xx_hal_i2c.c:476:19:HAL_I2C_Init	16	static
stm32l0xx_hal_i2c.c:647:13:HAL_I2C_MspDeInit	0	static
stm32l0xx_hal_i2c.c:585:19:HAL_I2C_DeInit	16	static
stm32l0xx_hal_i2c.c:1068:19:HAL_I2C_Master_Transmit	48	static
stm32l0xx_hal_i2c.c:1183:19:HAL_I2C_Master_Receive	48	static
stm32l0xx_hal_i2c.c:1297:19:HAL_I2C_Slave_Transmit	48	static
stm32l0xx_hal_i2c.c:1434:19:HAL_I2C_Slave_Receive	56	static
stm32l0xx_hal_i2c.c:1560:19:HAL_I2C_Master_Transmit_IT	40	static
stm32l0xx_hal_i2c.c:1630:19:HAL_I2C_Master_Receive_IT	40	static
stm32l0xx_hal_i2c.c:1697:19:HAL_I2C_Slave_Transmit_IT	24	static
stm32l0xx_hal_i2c.c:1746:19:HAL_I2C_Slave_Receive_IT	24	static
stm32l0xx_hal_i2c.c:1797:19:HAL_I2C_Master_Transmit_DMA	48	static
stm32l0xx_hal_i2c.c:1941:19:HAL_I2C_Master_Receive_DMA	48	static
stm32l0xx_hal_i2c.c:2083:19:HAL_I2C_Slave_Transmit_DMA	32	static
stm32l0xx_hal_i2c.c:2187:19:HAL_I2C_Slave_Receive_DMA	32	static
stm32l0xx_hal_i2c.c:2294:19:HAL_I2C_Mem_Write	56	static
stm32l0xx_hal_i2c.c:2429:19:HAL_I2C_Mem_Read	56	static
stm32l0xx_hal_i2c.c:2562:19:HAL_I2C_Mem_Write_IT	56	static
stm32l0xx_hal_i2c.c:2654:19:HAL_I2C_Mem_Read_IT	56	static
stm32l0xx_hal_i2c.c:2745:19:HAL_I2C_Mem_Write_DMA	56	static
stm32l0xx_hal_i2c.c:2890:19:HAL_I2C_Mem_Read_DMA	56	static
stm32l0xx_hal_i2c.c:3032:19:HAL_I2C_IsDeviceReady	56	static
stm32l0xx_hal_i2c.c:3173:19:HAL_I2C_Master_Seq_Transmit_IT	40	static
stm32l0xx_hal_i2c.c:3258:19:HAL_I2C_Master_Seq_Transmit_DMA	56	static
stm32l0xx_hal_i2c.c:3421:19:HAL_I2C_Master_Seq_Receive_IT	40	static
stm32l0xx_hal_i2c.c:3506:19:HAL_I2C_Master_Seq_Receive_DMA	56	static
stm32l0xx_hal_i2c.c:3667:19:HAL_I2C_Slave_Seq_Transmit_IT	40	static
stm32l0xx_hal_i2c.c:3763:19:HAL_I2C_Slave_Seq_Transmit_DMA	40	static
stm32l0xx_hal_i2c.c:3943:19:HAL_I2C_Slave_Seq_Receive_IT	40	static
stm32l0xx_hal_i2c.c:4039:19:HAL_I2C_Slave_Seq_Receive_DMA	40	static
stm32l0xx_hal_i2c.c:4215:19:HAL_I2C_EnableListen_IT	8	static
stm32l0xx_hal_i2c.c:4239:19:HAL_I2C_DisableListen_IT	16	static
stm32l0xx_hal_i2c.c:4272:19:HAL_I2C_Master_Abort_IT	32	static
stm32l0xx_hal_i2c.c:4334:6:HAL_I2C_EV_IRQHandler	8	static
stm32l0xx_hal_i2c.c:4402:13:HAL_I2C_MasterTxCpltCallback	0	static
stm32l0xx_hal_i2c.c:4418:13:HAL_I2C_MasterRxCpltCallback	0	static
stm32l0xx_hal_i2c.c:5376:13:I2C_ITMasterSeqCplt	16	static
stm32l0xx_hal_i2c.c:4433:13:HAL_I2C_SlaveTxCpltCallback	0	static
stm32l0xx_hal_i2c.c:4449:13:HAL_I2C_SlaveRxCpltCallback	0	static
stm32l0xx_hal_i2c.c:5429:13:I2C_ITSlaveSeqCplt	8	static
stm32l0xx_hal_i2c.c:6075:13:I2C_DMASlaveTransmitCplt	8	static
stm32l0xx_hal_i2c.c:6150:13:I2C_DMASlaveReceiveCplt	8	static
stm32l0xx_hal_i2c.c:4467:13:HAL_I2C_AddrCallback	0	static
stm32l0xx_hal_i2c.c:5281:13:I2C_ITAddrCplt.isra.9	32	static
stm32l0xx_hal_i2c.c:4485:13:HAL_I2C_ListenCpltCallback	0	static
stm32l0xx_hal_i2c.c:5805:13:I2C_ITListenCplt	8	static
stm32l0xx_hal_i2c.c:4501:13:HAL_I2C_MemTxCpltCallback	0	static
stm32l0xx_hal_i2c.c:4517:13:HAL_I2C_MemRxCpltCallback	0	static
stm32l0xx_hal_i2c.c:4533:13:HAL_I2C_ErrorCallback	0	static
stm32l0xx_hal_i2c.c:4549:13:HAL_I2C_AbortCpltCallback	0	static
stm32l0xx_hal_i2c.c:5968:13:I2C_TreatErrorCallback	8	static
stm32l0xx_hal_i2c.c:5856:13:I2C_ITError	16	static
stm32l0xx_hal_i2c.c:5646:13:I2C_ITSlaveCplt	32	static
stm32l0xx_hal_i2c.c:4769:26:I2C_Slave_ISR_IT	32	static
stm32l0xx_hal_i2c.c:5503:13:I2C_ITMasterCplt	24	static
stm32l0xx_hal_i2c.c:4632:26:I2C_Master_ISR_IT	32	static
stm32l0xx_hal_i2c.c:5039:26:I2C_Slave_ISR_DMA	32	static
stm32l0xx_hal_i2c.c:4904:26:I2C_Master_ISR_DMA	24	static
stm32l0xx_hal_i2c.c:6177:13:I2C_DMAError	8	static
stm32l0xx_hal_i2c.c:6027:13:I2C_DMAMasterTransmitCplt	8	static
stm32l0xx_hal_i2c.c:6102:13:I2C_DMAMasterReceiveCplt	8	static
stm32l0xx_hal_i2c.c:4353:6:HAL_I2C_ER_IRQHandler	16	static
stm32l0xx_hal_i2c.c:6194:13:I2C_DMAAbort	8	static
stm32l0xx_hal_i2c.c:4584:22:HAL_I2C_GetState	0	static
stm32l0xx_hal_i2c.c:4596:21:HAL_I2C_GetMode	0	static
stm32l0xx_hal_i2c.c:4607:10:HAL_I2C_GetError	0	static
stm32l0xx_hal_i2c.c:6648:19:My_I2C_Slave_Receive	56	static
