Archive member included to satisfy reference by file (symbol)

c:/st/stm32cubeide_1.4.0/stm32cubeide/plugins/com.st.stm32cube.ide.mcu.externaltools.gnu-tools-for-stm32.7-2018-q2-update.win32_1.4.0.202007081208/tools/bin/../lib/gcc/arm-none-eabi/7.3.1/../../../../arm-none-eabi/lib/thumb/v6-m\libc_nano.a(lib_a-errno.o)
                              Core/Src/syscalls.o (__errno)
c:/st/stm32cubeide_1.4.0/stm32cubeide/plugins/com.st.stm32cube.ide.mcu.externaltools.gnu-tools-for-stm32.7-2018-q2-update.win32_1.4.0.202007081208/tools/bin/../lib/gcc/arm-none-eabi/7.3.1/../../../../arm-none-eabi/lib/thumb/v6-m\libc_nano.a(lib_a-exit.o)
                              c:/st/stm32cubeide_1.4.0/stm32cubeide/plugins/com.st.stm32cube.ide.mcu.externaltools.gnu-tools-for-stm32.7-2018-q2-update.win32_1.4.0.202007081208/tools/bin/../lib/gcc/arm-none-eabi/7.3.1/../../../../arm-none-eabi/lib/thumb/v6-m/crt0.o (exit)
c:/st/stm32cubeide_1.4.0/stm32cubeide/plugins/com.st.stm32cube.ide.mcu.externaltools.gnu-tools-for-stm32.7-2018-q2-update.win32_1.4.0.202007081208/tools/bin/../lib/gcc/arm-none-eabi/7.3.1/../../../../arm-none-eabi/lib/thumb/v6-m\libc_nano.a(lib_a-impure.o)
                              c:/st/stm32cubeide_1.4.0/stm32cubeide/plugins/com.st.stm32cube.ide.mcu.externaltools.gnu-tools-for-stm32.7-2018-q2-update.win32_1.4.0.202007081208/tools/bin/../lib/gcc/arm-none-eabi/7.3.1/../../../../arm-none-eabi/lib/thumb/v6-m\libc_nano.a(lib_a-exit.o) (_global_impure_ptr)
c:/st/stm32cubeide_1.4.0/stm32cubeide/plugins/com.st.stm32cube.ide.mcu.externaltools.gnu-tools-for-stm32.7-2018-q2-update.win32_1.4.0.202007081208/tools/bin/../lib/gcc/arm-none-eabi/7.3.1/../../../../arm-none-eabi/lib/thumb/v6-m\libc_nano.a(lib_a-init.o)
                              c:/st/stm32cubeide_1.4.0/stm32cubeide/plugins/com.st.stm32cube.ide.mcu.externaltools.gnu-tools-for-stm32.7-2018-q2-update.win32_1.4.0.202007081208/tools/bin/../lib/gcc/arm-none-eabi/7.3.1/../../../../arm-none-eabi/lib/thumb/v6-m/crt0.o (__libc_init_array)
c:/st/stm32cubeide_1.4.0/stm32cubeide/plugins/com.st.stm32cube.ide.mcu.externaltools.gnu-tools-for-stm32.7-2018-q2-update.win32_1.4.0.202007081208/tools/bin/../lib/gcc/arm-none-eabi/7.3.1/../../../../arm-none-eabi/lib/thumb/v6-m\libc_nano.a(lib_a-memset.o)
                              c:/st/stm32cubeide_1.4.0/stm32cubeide/plugins/com.st.stm32cube.ide.mcu.externaltools.gnu-tools-for-stm32.7-2018-q2-update.win32_1.4.0.202007081208/tools/bin/../lib/gcc/arm-none-eabi/7.3.1/../../../../arm-none-eabi/lib/thumb/v6-m/crt0.o (memset)
c:/st/stm32cubeide_1.4.0/stm32cubeide/plugins/com.st.stm32cube.ide.mcu.externaltools.gnu-tools-for-stm32.7-2018-q2-update.win32_1.4.0.202007081208/tools/bin/../lib/gcc/arm-none-eabi/7.3.1/thumb/v6-m\libgcc.a(_thumb1_case_uqi.o)
                              Drivers/STM32L0xx_HAL_Driver/Src/stm32l0xx_hal_dma.o (__gnu_thumb1_case_uqi)
c:/st/stm32cubeide_1.4.0/stm32cubeide/plugins/com.st.stm32cube.ide.mcu.externaltools.gnu-tools-for-stm32.7-2018-q2-update.win32_1.4.0.202007081208/tools/bin/../lib/gcc/arm-none-eabi/7.3.1/thumb/v6-m\libgcc.a(_udivsi3.o)
                              Core/Src/system_stm32l0xx.o (__aeabi_uidiv)
c:/st/stm32cubeide_1.4.0/stm32cubeide/plugins/com.st.stm32cube.ide.mcu.externaltools.gnu-tools-for-stm32.7-2018-q2-update.win32_1.4.0.202007081208/tools/bin/../lib/gcc/arm-none-eabi/7.3.1/thumb/v6-m\libgcc.a(_divsi3.o)
                              Core/Src/system_stm32l0xx.o (__aeabi_idiv)
c:/st/stm32cubeide_1.4.0/stm32cubeide/plugins/com.st.stm32cube.ide.mcu.externaltools.gnu-tools-for-stm32.7-2018-q2-update.win32_1.4.0.202007081208/tools/bin/../lib/gcc/arm-none-eabi/7.3.1/thumb/v6-m\libgcc.a(_dvmd_tls.o)
                              c:/st/stm32cubeide_1.4.0/stm32cubeide/plugins/com.st.stm32cube.ide.mcu.externaltools.gnu-tools-for-stm32.7-2018-q2-update.win32_1.4.0.202007081208/tools/bin/../lib/gcc/arm-none-eabi/7.3.1/thumb/v6-m\libgcc.a(_udivsi3.o) (__aeabi_idiv0)
c:/st/stm32cubeide_1.4.0/stm32cubeide/plugins/com.st.stm32cube.ide.mcu.externaltools.gnu-tools-for-stm32.7-2018-q2-update.win32_1.4.0.202007081208/tools/bin/../lib/gcc/arm-none-eabi/7.3.1/thumb/v6-m\libgcc.a(addsf3.o)
                              Core/Src/config.o (__aeabi_fadd)
c:/st/stm32cubeide_1.4.0/stm32cubeide/plugins/com.st.stm32cube.ide.mcu.externaltools.gnu-tools-for-stm32.7-2018-q2-update.win32_1.4.0.202007081208/tools/bin/../lib/gcc/arm-none-eabi/7.3.1/thumb/v6-m\libgcc.a(divsf3.o)
                              Core/Src/hts221.o (__aeabi_fdiv)
c:/st/stm32cubeide_1.4.0/stm32cubeide/plugins/com.st.stm32cube.ide.mcu.externaltools.gnu-tools-for-stm32.7-2018-q2-update.win32_1.4.0.202007081208/tools/bin/../lib/gcc/arm-none-eabi/7.3.1/thumb/v6-m\libgcc.a(mulsf3.o)
                              Core/Src/config.o (__aeabi_fmul)
[...]
Memory Configuration

Name             Origin             Length             Attributes
RAM              0x0000000020000000 0x0000000000002000 xrw
FLASH            0x0000000008000000 0x0000000000004000 xr
*default*        0x0000000000000000 0xffffffffffffffff

Linker script and memory map

LOAD c:/st/stm32cubeide_1.4.0/stm32cubeide/plugins/com.st.stm32cube.ide.mcu.externaltools.gnu-tools-for-stm32.7-2018-q2-update.win32_1.4.0.202007081208/tools/bin/../lib/gcc/arm-none-eabi/7.3.1/thumb/v6-m/crti.o
LOAD c:/st/stm32cubeide_1.4.0/stm32cubeide/plugins/com.st.stm32cube.ide.mcu.externaltools.gnu-tools-for-stm32.7-2018-q2-update.win32_1.4.0.202007081208/tools/bin/../lib/gcc/arm-none-eabi/7.3.1/thumb/v6-m/crtbegin.o
LOAD c:/st/stm32cubeide_1.4.0/stm32cubeide/plugins/com.st.stm32cube.ide.mcu.externaltools.gnu-tools-for-stm32.7-2018-q2-update.win32_1.4.0.202007081208/tools/bin/../lib/gcc/arm-none-eabi/7.3.1/../../../../arm-none-eabi/lib/thumb/v6-m/crt0.o
LOAD Core/Src/config.o
LOAD Core/Src/gpio.o
LOAD Core/Src/hts221.o
LOAD Core/Src/i2c.o
LOAD Core/Src/lptim.o
LOAD Core/Src/main.o
LOAD Core/Src/stm32l0xx_hal_msp.o
LOAD Core/Src/stm32l0xx_it.o
LOAD Core/Src/syscalls.o
LOAD Core/Src/sysmem.o
LOAD Core/Src/system_stm32l0xx.o
LOAD Core/Startup/startup_stm32l031f4px.o
LOAD Drivers/STM32L0xx_HAL_Driver/Src/stm32l0xx_hal.o
LOAD Drivers/STM32L0xx_HAL_Driver/Src/stm32l0xx_hal_cortex.o
LOAD Drivers/STM32L0xx_HAL_Driver/Src/stm32l0xx_hal_dma.o
LOAD Drivers/STM32L0xx_HAL_Driver/Src/stm32l0xx_hal_flash.o
LOAD Drivers/STM32L0xx_HAL_Driver/Src/stm32l0xx_hal_flash_ex.o
LOAD Drivers/STM32L0xx_HAL_Driver/Src/stm32l0xx_hal_flash_ramfunc.o
LOAD Drivers/STM32L0xx_HAL_Driver/Src/stm32l0xx_hal_gpio.o
LOAD Drivers/STM32L0xx_HAL_Driver/Src/stm32l0xx_hal_i2c.o
LOAD Drivers/STM32L0xx_HAL_Driver/Src/stm32l0xx_hal_i2c_ex.o
LOAD Drivers/STM32L0xx_HAL_Driver/Src/stm32l0xx_hal_lptim.o
LOAD Drivers/STM32L0xx_HAL_Driver/Src/stm32l0xx_hal_pwr.o
LOAD Drivers/STM32L0xx_HAL_Driver/Src/stm32l0xx_hal_pwr_ex.o
LOAD Drivers/STM32L0xx_HAL_Driver/Src/stm32l0xx_hal_rcc.o
LOAD Drivers/STM32L0xx_HAL_Driver/Src/stm32l0xx_hal_rcc_ex.o
LOAD Drivers/STM32L0xx_HAL_Driver/Src/stm32l0xx_hal_tim.o
LOAD Drivers/STM32L0xx_HAL_Driver/Src/stm32l0xx_hal_tim_ex.o
LOAD Drivers/STM32L0xx_HAL_Driver/Src/stm32l0xx_hal_uart.o
LOAD Drivers/STM32L0xx_HAL_Driver/Src/stm32l0xx_hal_uart_ex.o
START GROUP
LOAD c:/st/stm32cubeide_1.4.0/stm32cubeide/plugins/com.st.stm32cube.ide.mcu.externaltools.gnu-tools-for-stm32.7-2018-q2-update.win32_1.4.0.202007081208/tools/bin/../lib/gcc/arm-none-eabi/7.3.1/../../../../arm-none-eabi/lib/thumb/v6-m\libc_nano.a
LOAD c:/st/stm32cubeide_1.4.0/stm32cubeide/plugins/com.st.stm32cube.ide.mcu.externaltools.gnu-tools-for-stm32.7-2018-q2-update.win32_1.4.0.202007081208/tools/bin/../lib/gcc/arm-none-eabi/7.3.1/../../../../arm-none-eabi/lib/thumb/v6-m\libm.a
END GROUP
START GROUP
LOAD c:/st/stm32cubeide_1.4.0/stm32cubeide/plugins/com.st.stm32cube.ide.mcu.externaltools.gnu-tools-for-stm32.7-2018-q2-update.win32_1.4.0.202007081208/tools/bin/../lib/gcc/arm-none-eabi/7.3.1/thumb/v6-m\libgcc.a
LOAD c:/st/stm32cubeide_1.4.0/stm32cubeide/plugins/com.st.stm32cube.ide.mcu.externaltools.gnu-tools-for-stm32.7-2018-q2-update.win32_1.4.0.202007081208/tools/bin/../lib/gcc/arm-none-eabi/7.3.1/../../../../arm-none-eabi/lib/thumb/v6-m\libc_nano.a
END GROUP
START GROUP
LOAD c:/st/stm32cubeide_1.4.0/stm32cubeide/plugins/com.st.stm32cube.ide.mcu.externaltools.gnu-tools-for-stm32.7-2018-q2-update.win32_1.4.0.202007081208/tools/bin/../lib/gcc/arm-none-eabi/7.3.1/thumb/v6-m\libgcc.a
LOAD c:/st/stm32cubeide_1.4.0/stm32cubeide/plugins/com.st.stm32cube.ide.mcu.externaltools.gnu-tools-for-stm32.7-2018-q2-update.win32_1.4.0.202007081208/tools/bin/../lib/gcc/arm-none-eabi/7.3.1/../../../../arm-none-eabi/lib/thumb/v6-m\libc_nano.a
LOAD c:/st/stm32cubeide_1.4.0/stm32cubeide/plugins/com.st.stm32cube.ide.mcu.externaltools.gnu-tools-for-stm32.7-2018-q2-update.win32_1.4.0.202007081208/tools/bin/../lib/gcc/arm-none-eabi/7.3.1/../../../../arm-none-eabi/lib/thumb/v6-m\libnosys.a
END GROUP
START GROUP
LOAD c:/st/stm32cubeide_1.4.0/stm32cubeide/plugins/com.st.stm32cube.ide.mcu.externaltools.gnu-tools-for-stm32.7-2018-q2-update.win32_1.4.0.202007081208/tools/bin/../lib/gcc/arm-none-eabi/7.3.1/thumb/v6-m\libgcc.a
LOAD c:/st/stm32cubeide_1.4.0/stm32cubeide/plugins/com.st.stm32cube.ide.mcu.externaltools.gnu-tools-for-stm32.7-2018-q2-update.win32_1.4.0.202007081208/tools/bin/../lib/gcc/arm-none-eabi/7.3.1/../../../../arm-none-eabi/lib/thumb/v6-m\libc_nano.a
LOAD c:/st/stm32cubeide_1.4.0/stm32cubeide/plugins/com.st.stm32cube.ide.mcu.externaltools.gnu-tools-for-stm32.7-2018-q2-update.win32_1.4.0.202007081208/tools/bin/../lib/gcc/arm-none-eabi/7.3.1/../../../../arm-none-eabi/lib/thumb/v6-m\libnosys.a
END GROUP
LOAD c:/st/stm32cubeide_1.4.0/stm32cubeide/plugins/com.st.stm32cube.ide.mcu.externaltools.gnu-tools-for-stm32.7-2018-q2-update.win32_1.4.0.202007081208/tools/bin/../lib/gcc/arm-none-eabi/7.3.1/thumb/v6-m/crtend.o
LOAD c:/st/stm32cubeide_1.4.0/stm32cubeide/plugins/com.st.stm32cube.ide.mcu.externaltools.gnu-tools-for-stm32.7-2018-q2-update.win32_1.4.0.202007081208/tools/bin/../lib/gcc/arm-none-eabi/7.3.1/thumb/v6-m/crtn.o
                0x0000000020002000                _estack = (ORIGIN (RAM) + LENGTH (RAM))
                0x0000000000000200                _Min_Heap_Size = 0x200
                0x0000000000000400                _Min_Stack_Size = 0x400

.isr_vector     0x0000000008000000       0xc0
                0x0000000008000000                . = ALIGN (0x4)
 *(.isr_vector)
 .isr_vector    0x0000000008000000       0xc0 Core/Startup/startup_stm32l031f4px.o
                0x0000000008000000                g_pfnVectors
                0x00000000080000c0                . = ALIGN (0x4)

.text           0x00000000080000c0     0x3344
                0x00000000080000c0                . = ALIGN (0x4)
 *(.text)
 .text          0x00000000080000c0       0x48 c:/st/stm32cubeide_1.4.0/stm32cubeide/plugins/com.st.stm32cube.ide.mcu.externaltools.gnu-tools-for-stm32.7-2018-q2-update.win32_1.4.0.202007081208/tools/bin/../lib/gcc/arm-none-eabi/7.3.1/thumb/v6-m/crtbegin.o
 .text          0x0000000008000108      0x114 c:/st/stm32cubeide_1.4.0/stm32cubeide/plugins/com.st.stm32cube.ide.mcu.externaltools.gnu-tools-for-stm32.7-2018-q2-update.win32_1.4.0.202007081208/tools/bin/../lib/gcc/arm-none-eabi/7.3.1/thumb/v6-m\libgcc.a(_udivsi3.o)
                0x0000000008000108                __aeabi_uidiv
                0x0000000008000108                __udivsi3
                0x0000000008000214                __aeabi_uidivmod
 .text          0x000000000800021c        0x4 c:/st/stm32cubeide_1.4.0/stm32cubeide/plugins/com.st.stm32cube.ide.mcu.externaltools.gnu-tools-for-stm32.7-2018-q2-update.win32_1.4.0.202007081208/tools/bin/../lib/gcc/arm-none-eabi/7.3.1/thumb/v6-m\libgcc.a(_dvmd_tls.o)
                0x000000000800021c                __aeabi_idiv0
                0x000000000800021c                __aeabi_ldiv0
 .text          0x0000000008000220      0x334 c:/st/stm32cubeide_1.4.0/stm32cubeide/plugins/com.st.stm32cube.ide.mcu.externaltools.gnu-tools-for-stm32.7-2018-q2-update.win32_1.4.0.202007081208/tools/bin/../lib/gcc/arm-none-eabi/7.3.1/thumb/v6-m\libgcc.a(addsf3.o)
                0x0000000008000220                __aeabi_fadd
 .text          0x0000000008000554      0x224 c:/st/stm32cubeide_1.4.0/stm32cubeide/plugins/com.st.stm32cube.ide.mcu.externaltools.gnu-tools-for-stm32.7-2018-q2-update.win32_1.4.0.202007081208/tools/bin/../lib/gcc/arm-none-eabi/7.3.1/thumb/v6-m\libgcc.a(divsf3.o)
                0x0000000008000554                __aeabi_fdiv
 .text          0x0000000008000778      0x264 c:/st/stm32cubeide_1.4.0/stm32cubeide/plugins/com.st.stm32cube.ide.mcu.externaltools.gnu-tools-for-stm32.7-2018-q2-update.win32_1.4.0.202007081208/tools/bin/../lib/gcc/arm-none-eabi/7.3.1/thumb/v6-m\libgcc.a(mulsf3.o)
                0x0000000008000778                __aeabi_fmul
 .text          0x00000000080009dc       0x94 c:/st/stm32cubeide_1.4.0/stm32cubeide/plugins/com.st.stm32cube.ide.mcu.externaltools.gnu-tools-for-stm32.7-2018-q2-update.win32_1.4.0.202007081208/tools/bin/../lib/gcc/arm-none-eabi/7.3.1/thumb/v6-m\libgcc.a(floatsisf.o)
                0x00000000080009dc                __aeabi_i2f
 .text          0x0000000008000a70       0x80 c:/st/stm32cubeide_1.4.0/stm32cubeide/plugins/com.st.stm32cube.ide.mcu.externaltools.gnu-tools-for-stm32.7-2018-q2-update.win32_1.4.0.202007081208/tools/bin/../lib/gcc/arm-none-eabi/7.3.1/thumb/v6-m\libgcc.a(floatunsisf.o)
                0x0000000008000a70                __aeabi_ui2f
 .text          0x0000000008000af0       0x3c c:/st/stm32cubeide_1.4.0/stm32cubeide/plugins/com.st.stm32cube.ide.mcu.externaltools.gnu-tools-for-stm32.7-2018-q2-update.win32_1.4.0.202007081208/tools/bin/../lib/gcc/arm-none-eabi/7.3.1/thumb/v6-m\libgcc.a(_clzsi2.o)
                0x0000000008000af0                __clzsi2
 *(.text*)
 .text.My_Enter_Stop_Mode_WFI
                0x0000000008000b2c       0x3c Core/Src/config.o
 .text.My_BLE_WFE_conf
                0x0000000008000b68       0x24 Core/Src/config.o
 .text.My_VBLUE_conf
                0x0000000008000b8c       0x44 Core/Src/config.o
 .text.My_hts221_config
                0x0000000008000bd0       0x6c Core/Src/config.o
 .text.My_Power_Management.part.1
                0x0000000008000c3c       0x8c Core/Src/config.o
 .text.My_Power_Management.constprop.2
                0x0000000008000cc8       0x70 Core/Src/config.o
 .text.My_Write_Mcu_Flash
                0x0000000008000d38       0x9c Core/Src/config.o
                0x0000000008000d38                My_Write_Mcu_Flash
 .text.My_Main  0x0000000008000dd4       0xd8 Core/Src/config.o
                0x0000000008000dd4                My_Main
 .text.My_While
                0x0000000008000eac      0x2c4 Core/Src/config.o
                0x0000000008000eac                My_While
 .text.MX_GPIO_Init
                0x0000000008001170      0x118 Core/Src/gpio.o
                0x0000000008001170                MX_GPIO_Init
 .text.hts221_init
                0x0000000008001288       0x6c Core/Src/hts221.o
                0x0000000008001288                hts221_init
 .text.hts221_read_temperature
                0x00000000080012f4       0x58 Core/Src/hts221.o
                0x00000000080012f4                hts221_read_temperature
 .text.hts221_read_temperature_cal_values
                0x000000000800134c      0x134 Core/Src/hts221.o
                0x000000000800134c                hts221_read_temperature_cal_values
 .text.hts221_read_humidity_cal_values
                0x0000000008001480       0xfc Core/Src/hts221.o
                0x0000000008001480                hts221_read_humidity_cal_values
 .text.hts221_read_humidity
                0x000000000800157c       0x58 Core/Src/hts221.o
                0x000000000800157c                hts221_read_humidity
 .text.MX_I2C1_Init
                0x00000000080015d4       0x5c Core/Src/i2c.o
                0x00000000080015d4                MX_I2C1_Init
 .text.HAL_I2C_MspInit
                0x0000000008001630       0x5c Core/Src/i2c.o
                0x0000000008001630                HAL_I2C_MspInit
 .text.HAL_I2C_MspDeInit
                0x000000000800168c       0x3c Core/Src/i2c.o
                0x000000000800168c                HAL_I2C_MspDeInit
 .text.MX_LPTIM1_Init
                0x00000000080016c8       0x3c Core/Src/lptim.o
                0x00000000080016c8                MX_LPTIM1_Init
 .text.HAL_LPTIM_MspInit
                0x0000000008001704       0x20 Core/Src/lptim.o
                0x0000000008001704                HAL_LPTIM_MspInit
 .text.SystemClock_Config
                0x0000000008001724       0x78 Core/Src/main.o
                0x0000000008001724                SystemClock_Config
 .text.startup.main
                0x000000000800179c       0x20 Core/Src/main.o
                0x000000000800179c                main
 .text.Error_Handler
                0x00000000080017bc        0x2 Core/Src/main.o
                0x00000000080017bc                Error_Handler
 *fill*         0x00000000080017be        0x2 
 .text.HAL_MspInit
                0x00000000080017c0       0x2c Core/Src/stm32l0xx_hal_msp.o
                0x00000000080017c0                HAL_MspInit
 .text.NMI_Handler
                0x00000000080017ec        0x2 Core/Src/stm32l0xx_it.o
                0x00000000080017ec                NMI_Handler
 .text.HardFault_Handler
                0x00000000080017ee        0x2 Core/Src/stm32l0xx_it.o
                0x00000000080017ee                HardFault_Handler
 .text.SVC_Handler
                0x00000000080017f0        0x2 Core/Src/stm32l0xx_it.o
                0x00000000080017f0                SVC_Handler
 .text.PendSV_Handler
                0x00000000080017f2        0x2 Core/Src/stm32l0xx_it.o
                0x00000000080017f2                PendSV_Handler
 .text.SysTick_Handler
                0x00000000080017f4        0x8 Core/Src/stm32l0xx_it.o
                0x00000000080017f4                SysTick_Handler
 .text.PVD_IRQHandler
                0x00000000080017fc        0xe Core/Src/stm32l0xx_it.o
                0x00000000080017fc                PVD_IRQHandler
 *fill*         0x000000000800180a        0x2 
 .text.EXTI2_3_IRQHandler
                0x000000000800180c       0x30 Core/Src/stm32l0xx_it.o
                0x000000000800180c                EXTI2_3_IRQHandler
 .text.EXTI4_15_IRQHandler
                0x000000000800183c       0x10 Core/Src/stm32l0xx_it.o
                0x000000000800183c                EXTI4_15_IRQHandler
 .text.SystemInit
                0x000000000800184c       0x5c Core/Src/system_stm32l0xx.o
                0x000000000800184c                SystemInit
 .text.Reset_Handler
                0x00000000080018a8       0x50 Core/Startup/startup_stm32l031f4px.o
                0x00000000080018a8                Reset_Handler
 .text.Default_Handler
                0x00000000080018f8        0x2 Core/Startup/startup_stm32l031f4px.o
                0x00000000080018f8                ADC1_COMP_IRQHandler
                0x00000000080018f8                I2C1_IRQHandler
                0x00000000080018f8                SPI1_IRQHandler
                0x00000000080018f8                RTC_IRQHandler
                0x00000000080018f8                DMA1_Channel4_5_6_7_IRQHandler
                0x00000000080018f8                RCC_IRQHandler
                0x00000000080018f8                DMA1_Channel1_IRQHandler
                0x00000000080018f8                Default_Handler
                0x00000000080018f8                TIM22_IRQHandler
                0x00000000080018f8                EXTI0_1_IRQHandler
                0x00000000080018f8                TIM21_IRQHandler
                0x00000000080018f8                WWDG_IRQHandler
                0x00000000080018f8                LPUART1_IRQHandler
                0x00000000080018f8                TIM2_IRQHandler
                0x00000000080018f8                DMA1_Channel2_3_IRQHandler
                0x00000000080018f8                USART2_IRQHandler
                0x00000000080018f8                FLASH_IRQHandler
                0x00000000080018f8                LPTIM1_IRQHandler
 *fill*         0x00000000080018fa        0x2 
 .text.HAL_InitTick
                0x00000000080018fc       0x48 Drivers/STM32L0xx_HAL_Driver/Src/stm32l0xx_hal.o
                0x00000000080018fc                HAL_InitTick
 .text.HAL_Init
                0x0000000008001944       0x28 Drivers/STM32L0xx_HAL_Driver/Src/stm32l0xx_hal.o
                0x0000000008001944                HAL_Init
 .text.HAL_IncTick
                0x000000000800196c       0x18 Drivers/STM32L0xx_HAL_Driver/Src/stm32l0xx_hal.o
                0x000000000800196c                HAL_IncTick
 .text.HAL_GetTick
                0x0000000008001984        0xc Drivers/STM32L0xx_HAL_Driver/Src/stm32l0xx_hal.o
                0x0000000008001984                HAL_GetTick
 .text.HAL_Delay
                0x0000000008001990       0x24 Drivers/STM32L0xx_HAL_Driver/Src/stm32l0xx_hal.o
                0x0000000008001990                HAL_Delay
 .text.HAL_NVIC_SetPriority
                0x00000000080019b4       0x54 Drivers/STM32L0xx_HAL_Driver/Src/stm32l0xx_hal_cortex.o
                0x00000000080019b4                HAL_NVIC_SetPriority
 .text.HAL_NVIC_EnableIRQ
                0x0000000008001a08       0x14 Drivers/STM32L0xx_HAL_Driver/Src/stm32l0xx_hal_cortex.o
                0x0000000008001a08                HAL_NVIC_EnableIRQ
 .text.HAL_NVIC_DisableIRQ
                0x0000000008001a1c       0x14 Drivers/STM32L0xx_HAL_Driver/Src/stm32l0xx_hal_cortex.o
                0x0000000008001a1c                HAL_NVIC_DisableIRQ
 .text.HAL_NVIC_SystemReset
                0x0000000008001a30       0x1c Drivers/STM32L0xx_HAL_Driver/Src/stm32l0xx_hal_cortex.o
                0x0000000008001a30                HAL_NVIC_SystemReset
 .text.HAL_SYSTICK_Config
                0x0000000008001a4c       0x34 Drivers/STM32L0xx_HAL_Driver/Src/stm32l0xx_hal_cortex.o
                0x0000000008001a4c                HAL_SYSTICK_Config
 .text.HAL_NVIC_ClearPendingIRQ
                0x0000000008001a80       0x18 Drivers/STM32L0xx_HAL_Driver/Src/stm32l0xx_hal_cortex.o
                0x0000000008001a80                HAL_NVIC_ClearPendingIRQ
 .text.FLASH_SetErrorCode
                0x0000000008001a98       0xa8 Drivers/STM32L0xx_HAL_Driver/Src/stm32l0xx_hal_flash.o
 .text.FLASH_WaitForLastOperation
                0x0000000008001b40       0x74 Drivers/STM32L0xx_HAL_Driver/Src/stm32l0xx_hal_flash.o
                0x0000000008001b40                FLASH_WaitForLastOperation
 .text.HAL_FLASHEx_DATAEEPROM_Unlock
                0x0000000008001bb4       0x30 Drivers/STM32L0xx_HAL_Driver/Src/stm32l0xx_hal_flash_ex.o
                0x0000000008001bb4                HAL_FLASHEx_DATAEEPROM_Unlock
 .text.HAL_FLASHEx_DATAEEPROM_Lock
                0x0000000008001be4       0x14 Drivers/STM32L0xx_HAL_Driver/Src/stm32l0xx_hal_flash_ex.o
                0x0000000008001be4                HAL_FLASHEx_DATAEEPROM_Lock
 .text.HAL_FLASHEx_DATAEEPROM_Program
                0x0000000008001bf8       0x54 Drivers/STM32L0xx_HAL_Driver/Src/stm32l0xx_hal_flash_ex.o
                0x0000000008001bf8                HAL_FLASHEx_DATAEEPROM_Program
 .text.HAL_GPIO_Init
                0x0000000008001c4c      0x164 Drivers/STM32L0xx_HAL_Driver/Src/stm32l0xx_hal_gpio.o
                0x0000000008001c4c                HAL_GPIO_Init
 .text.HAL_GPIO_DeInit
                0x0000000008001db0       0xe0 Drivers/STM32L0xx_HAL_Driver/Src/stm32l0xx_hal_gpio.o
                0x0000000008001db0                HAL_GPIO_DeInit
 .text.HAL_GPIO_ReadPin
                0x0000000008001e90        0xc Drivers/STM32L0xx_HAL_Driver/Src/stm32l0xx_hal_gpio.o
                0x0000000008001e90                HAL_GPIO_ReadPin
 .text.HAL_GPIO_WritePin
                0x0000000008001e9c        0xc Drivers/STM32L0xx_HAL_Driver/Src/stm32l0xx_hal_gpio.o
                0x0000000008001e9c                HAL_GPIO_WritePin
 .text.HAL_GPIO_TogglePin
                0x0000000008001ea8       0x10 Drivers/STM32L0xx_HAL_Driver/Src/stm32l0xx_hal_gpio.o
                0x0000000008001ea8                HAL_GPIO_TogglePin
 .text.HAL_GPIO_EXTI_Callback
                0x0000000008001eb8        0x2 Drivers/STM32L0xx_HAL_Driver/Src/stm32l0xx_hal_gpio.o
                0x0000000008001eb8                HAL_GPIO_EXTI_Callback
 *fill*         0x0000000008001eba        0x2 
 .text.HAL_GPIO_EXTI_IRQHandler
                0x0000000008001ebc       0x18 Drivers/STM32L0xx_HAL_Driver/Src/stm32l0xx_hal_gpio.o
                0x0000000008001ebc                HAL_GPIO_EXTI_IRQHandler
 .text.I2C_Flush_TXDR
                0x0000000008001ed4       0x1c Drivers/STM32L0xx_HAL_Driver/Src/stm32l0xx_hal_i2c.o
 .text.I2C_TransferConfig
                0x0000000008001ef0       0x28 Drivers/STM32L0xx_HAL_Driver/Src/stm32l0xx_hal_i2c.o
 .text.I2C_IsAcknowledgeFailed
                0x0000000008001f18       0x7c Drivers/STM32L0xx_HAL_Driver/Src/stm32l0xx_hal_i2c.o
 .text.I2C_WaitOnRXNEFlagUntilTimeout
                0x0000000008001f94       0x80 Drivers/STM32L0xx_HAL_Driver/Src/stm32l0xx_hal_i2c.o
 .text.I2C_WaitOnSTOPFlagUntilTimeout
                0x0000000008002014       0x50 Drivers/STM32L0xx_HAL_Driver/Src/stm32l0xx_hal_i2c.o
 .text.I2C_WaitOnFlagUntilTimeout
                0x0000000008002064       0x50 Drivers/STM32L0xx_HAL_Driver/Src/stm32l0xx_hal_i2c.o
 .text.I2C_WaitOnTXISFlagUntilTimeout
                0x00000000080020b4       0x54 Drivers/STM32L0xx_HAL_Driver/Src/stm32l0xx_hal_i2c.o
 .text.I2C_RequestMemoryWrite
                0x0000000008002108       0x64 Drivers/STM32L0xx_HAL_Driver/Src/stm32l0xx_hal_i2c.o
 .text.I2C_RequestMemoryRead
                0x000000000800216c       0x64 Drivers/STM32L0xx_HAL_Driver/Src/stm32l0xx_hal_i2c.o
 .text.HAL_I2C_Init
                0x00000000080021d0       0xac Drivers/STM32L0xx_HAL_Driver/Src/stm32l0xx_hal_i2c.o
                0x00000000080021d0                HAL_I2C_Init
 .text.HAL_I2C_DeInit
                0x000000000800227c       0x34 Drivers/STM32L0xx_HAL_Driver/Src/stm32l0xx_hal_i2c.o
                0x000000000800227c                HAL_I2C_DeInit
 .text.HAL_I2C_Slave_Transmit
                0x00000000080022b0      0x14c Drivers/STM32L0xx_HAL_Driver/Src/stm32l0xx_hal_i2c.o
                0x00000000080022b0                HAL_I2C_Slave_Transmit
 .text.HAL_I2C_Mem_Write
                0x00000000080023fc      0x16c Drivers/STM32L0xx_HAL_Driver/Src/stm32l0xx_hal_i2c.o
                0x00000000080023fc                HAL_I2C_Mem_Write
 .text.HAL_I2C_Mem_Read
                0x0000000008002568      0x17c Drivers/STM32L0xx_HAL_Driver/Src/stm32l0xx_hal_i2c.o
                0x0000000008002568                HAL_I2C_Mem_Read
 .text.My_I2C_Slave_Receive
                0x00000000080026e4      0x144 Drivers/STM32L0xx_HAL_Driver/Src/stm32l0xx_hal_i2c.o
                0x00000000080026e4                My_I2C_Slave_Receive
 .text.HAL_I2CEx_ConfigAnalogFilter
                0x0000000008002828       0x4c Drivers/STM32L0xx_HAL_Driver/Src/stm32l0xx_hal_i2c_ex.o
                0x0000000008002828                HAL_I2CEx_ConfigAnalogFilter
 .text.HAL_I2CEx_ConfigDigitalFilter
                0x0000000008002874       0x48 Drivers/STM32L0xx_HAL_Driver/Src/stm32l0xx_hal_i2c_ex.o
                0x0000000008002874                HAL_I2CEx_ConfigDigitalFilter
 .text.HAL_LPTIM_Init
                0x00000000080028bc       0xa0 Drivers/STM32L0xx_HAL_Driver/Src/stm32l0xx_hal_lptim.o
                0x00000000080028bc                HAL_LPTIM_Init
 .text.HAL_LPTIM_Counter_Start
                0x000000000800295c       0x40 Drivers/STM32L0xx_HAL_Driver/Src/stm32l0xx_hal_lptim.o
                0x000000000800295c                HAL_LPTIM_Counter_Start
 .text.HAL_LPTIM_ReadCounter
                0x000000000800299c        0x6 Drivers/STM32L0xx_HAL_Driver/Src/stm32l0xx_hal_lptim.o
                0x000000000800299c                HAL_LPTIM_ReadCounter
 *fill*         0x00000000080029a2        0x2 
 .text.LPTIM_Disable
                0x00000000080029a4       0xf4 Drivers/STM32L0xx_HAL_Driver/Src/stm32l0xx_hal_lptim.o
                0x00000000080029a4                LPTIM_Disable
 .text.HAL_LPTIM_Counter_Stop
                0x0000000008002a98       0x16 Drivers/STM32L0xx_HAL_Driver/Src/stm32l0xx_hal_lptim.o
                0x0000000008002a98                HAL_LPTIM_Counter_Stop
 *fill*         0x0000000008002aae        0x2 
 .text.HAL_PWR_ConfigPVD
                0x0000000008002ab0       0x74 Drivers/STM32L0xx_HAL_Driver/Src/stm32l0xx_hal_pwr.o
                0x0000000008002ab0                HAL_PWR_ConfigPVD
 .text.HAL_PWR_EnablePVD
                0x0000000008002b24       0x10 Drivers/STM32L0xx_HAL_Driver/Src/stm32l0xx_hal_pwr.o
                0x0000000008002b24                HAL_PWR_EnablePVD
 .text.HAL_PWR_EnterSTOPMode
                0x0000000008002b34       0x38 Drivers/STM32L0xx_HAL_Driver/Src/stm32l0xx_hal_pwr.o
                0x0000000008002b34                HAL_PWR_EnterSTOPMode
 .text.HAL_PWR_PVDCallback
                0x0000000008002b6c        0x2 Drivers/STM32L0xx_HAL_Driver/Src/stm32l0xx_hal_pwr.o
                0x0000000008002b6c                HAL_PWR_PVDCallback
 *fill*         0x0000000008002b6e        0x2 
 .text.HAL_PWR_PVD_IRQHandler
                0x0000000008002b70       0x1c Drivers/STM32L0xx_HAL_Driver/Src/stm32l0xx_hal_pwr.o
                0x0000000008002b70                HAL_PWR_PVD_IRQHandler
 .text.HAL_RCC_GetSysClockFreq
                0x0000000008002b8c       0x80 Drivers/STM32L0xx_HAL_Driver/Src/stm32l0xx_hal_rcc.o
                0x0000000008002b8c                HAL_RCC_GetSysClockFreq
 .text.HAL_RCC_OscConfig
                0x0000000008002c0c      0x4a4 Drivers/STM32L0xx_HAL_Driver/Src/stm32l0xx_hal_rcc.o
                0x0000000008002c0c                HAL_RCC_OscConfig
 .text.HAL_RCC_ClockConfig
                0x00000000080030b0      0x170 Drivers/STM32L0xx_HAL_Driver/Src/stm32l0xx_hal_rcc.o
                0x00000000080030b0                HAL_RCC_ClockConfig
 .text.HAL_RCCEx_PeriphCLKConfig
                0x0000000008003220      0x174 Drivers/STM32L0xx_HAL_Driver/Src/stm32l0xx_hal_rcc_ex.o
                0x0000000008003220                HAL_RCCEx_PeriphCLKConfig
 .text.__libc_init_array
                0x0000000008003394       0x48 c:/st/stm32cubeide_1.4.0/stm32cubeide/plugins/com.st.stm32cube.ide.mcu.externaltools.gnu-tools-for-stm32.7-2018-q2-update.win32_1.4.0.202007081208/tools/bin/../lib/gcc/arm-none-eabi/7.3.1/../../../../arm-none-eabi/lib/thumb/v6-m\libc_nano.a(lib_a-init.o)
                0x0000000008003394                __libc_init_array
 .text.memset   0x00000000080033dc       0x10 c:/st/stm32cubeide_1.4.0/stm32cubeide/plugins/com.st.stm32cube.ide.mcu.externaltools.gnu-tools-for-stm32.7-2018-q2-update.win32_1.4.0.202007081208/tools/bin/../lib/gcc/arm-none-eabi/7.3.1/../../../../arm-none-eabi/lib/thumb/v6-m\libc_nano.a(lib_a-memset.o)
                0x00000000080033dc                memset
 *(.glue_7)
 .glue_7        0x00000000080033ec        0x0 linker stubs
 *(.glue_7t)
 .glue_7t       0x00000000080033ec        0x0 linker stubs
 *(.eh_frame)
 .eh_frame      0x00000000080033ec        0x0 c:/st/stm32cubeide_1.4.0/stm32cubeide/plugins/com.st.stm32cube.ide.mcu.externaltools.gnu-tools-for-stm32.7-2018-q2-update.win32_1.4.0.202007081208/tools/bin/../lib/gcc/arm-none-eabi/7.3.1/thumb/v6-m/crtbegin.o
 *(.init)
 .init          0x00000000080033ec        0x4 c:/st/stm32cubeide_1.4.0/stm32cubeide/plugins/com.st.stm32cube.ide.mcu.externaltools.gnu-tools-for-stm32.7-2018-q2-update.win32_1.4.0.202007081208/tools/bin/../lib/gcc/arm-none-eabi/7.3.1/thumb/v6-m/crti.o
                0x00000000080033ec                _init
 .init          0x00000000080033f0        0x8 c:/st/stm32cubeide_1.4.0/stm32cubeide/plugins/com.st.stm32cube.ide.mcu.externaltools.gnu-tools-for-stm32.7-2018-q2-update.win32_1.4.0.202007081208/tools/bin/../lib/gcc/arm-none-eabi/7.3.1/thumb/v6-m/crtn.o
 *(.fini)
 .fini          0x00000000080033f8        0x4 c:/st/stm32cubeide_1.4.0/stm32cubeide/plugins/com.st.stm32cube.ide.mcu.externaltools.gnu-tools-for-stm32.7-2018-q2-update.win32_1.4.0.202007081208/tools/bin/../lib/gcc/arm-none-eabi/7.3.1/thumb/v6-m/crti.o
                0x00000000080033f8                _fini
 .fini          0x00000000080033fc        0x8 c:/st/stm32cubeide_1.4.0/stm32cubeide/plugins/com.st.stm32cube.ide.mcu.externaltools.gnu-tools-for-stm32.7-2018-q2-update.win32_1.4.0.202007081208/tools/bin/../lib/gcc/arm-none-eabi/7.3.1/thumb/v6-m/crtn.o
                0x0000000008003404                . = ALIGN (0x4)
                0x0000000008003404                _etext = .

.vfp11_veneer   0x0000000008003404        0x0
 .vfp11_veneer  0x0000000008003404        0x0 linker stubs

.v4_bx          0x0000000008003404        0x0
 .v4_bx         0x0000000008003404        0x0 linker stubs

.iplt           0x0000000008003404        0x0
 .iplt          0x0000000008003404        0x0 c:/st/stm32cubeide_1.4.0/stm32cubeide/plugins/com.st.stm32cube.ide.mcu.externaltools.gnu-tools-for-stm32.7-2018-q2-update.win32_1.4.0.202007081208/tools/bin/../lib/gcc/arm-none-eabi/7.3.1/thumb/v6-m/crtbegin.o

.rodata         0x0000000008003404       0xdc
                0x0000000008003404                . = ALIGN (0x4)
 *(.rodata)
 .rodata        0x0000000008003404       0x80 c:/st/stm32cubeide_1.4.0/stm32cubeide/plugins/com.st.stm32cube.ide.mcu.externaltools.gnu-tools-for-stm32.7-2018-q2-update.win32_1.4.0.202007081208/tools/bin/../lib/gcc/arm-none-eabi/7.3.1/thumb/v6-m\libgcc.a(divsf3.o)
 .rodata        0x0000000008003484       0x40 c:/st/stm32cubeide_1.4.0/stm32cubeide/plugins/com.st.stm32cube.ide.mcu.externaltools.gnu-tools-for-stm32.7-2018-q2-update.win32_1.4.0.202007081208/tools/bin/../lib/gcc/arm-none-eabi/7.3.1/thumb/v6-m\libgcc.a(mulsf3.o)
 *(.rodata*)
 .rodata.AHBPrescTable
                0x00000000080034c4       0x10 Core/Src/system_stm32l0xx.o
                0x00000000080034c4                AHBPrescTable
 .rodata.PLLMulTable
                0x00000000080034d4        0x9 Core/Src/system_stm32l0xx.o
                0x00000000080034d4                PLLMulTable
                0x00000000080034e0                . = ALIGN (0x4)
 *fill*         0x00000000080034dd        0x3 

.rel.dyn        0x00000000080034e0        0x0
 .rel.iplt      0x00000000080034e0        0x0 c:/st/stm32cubeide_1.4.0/stm32cubeide/plugins/com.st.stm32cube.ide.mcu.externaltools.gnu-tools-for-stm32.7-2018-q2-update.win32_1.4.0.202007081208/tools/bin/../lib/gcc/arm-none-eabi/7.3.1/thumb/v6-m/crtbegin.o

.ARM.extab      0x00000000080034e0        0x0
                0x00000000080034e0                . = ALIGN (0x4)
 *(.ARM.extab* .gnu.linkonce.armextab.*)
                0x00000000080034e0                . = ALIGN (0x4)

.ARM            0x00000000080034e0        0x0
                0x00000000080034e0                . = ALIGN (0x4)
                0x00000000080034e0                __exidx_start = .
 *(.ARM.exidx*)
                0x00000000080034e0                __exidx_end = .
                0x00000000080034e0                . = ALIGN (0x4)

.preinit_array  0x00000000080034e0        0x0
                0x00000000080034e0                . = ALIGN (0x4)
                0x00000000080034e0                PROVIDE (__preinit_array_start = .)
 *(.preinit_array*)
                0x00000000080034e0                PROVIDE (__preinit_array_end = .)
                0x00000000080034e0                . = ALIGN (0x4)

.init_array     0x00000000080034e0        0x4
                0x00000000080034e0                . = ALIGN (0x4)
                0x00000000080034e0                PROVIDE (__init_array_start = .)
 *(SORT_BY_NAME(.init_array.*))
 *(.init_array*)
 .init_array    0x00000000080034e0        0x4 c:/st/stm32cubeide_1.4.0/stm32cubeide/plugins/com.st.stm32cube.ide.mcu.externaltools.gnu-tools-for-stm32.7-2018-q2-update.win32_1.4.0.202007081208/tools/bin/../lib/gcc/arm-none-eabi/7.3.1/thumb/v6-m/crtbegin.o
                0x00000000080034e4                PROVIDE (__init_array_end = .)
                0x00000000080034e4                . = ALIGN (0x4)

.fini_array     0x00000000080034e4        0x4
                0x00000000080034e4                . = ALIGN (0x4)
                [!provide]                        PROVIDE (__fini_array_start = .)
 *(SORT_BY_NAME(.fini_array.*))
 *(.fini_array*)
 .fini_array    0x00000000080034e4        0x4 c:/st/stm32cubeide_1.4.0/stm32cubeide/plugins/com.st.stm32cube.ide.mcu.externaltools.gnu-tools-for-stm32.7-2018-q2-update.win32_1.4.0.202007081208/tools/bin/../lib/gcc/arm-none-eabi/7.3.1/thumb/v6-m/crtbegin.o
                [!provide]                        PROVIDE (__fini_array_end = .)
                0x00000000080034e8                . = ALIGN (0x4)
                0x00000000080034e8                _sidata = LOADADDR (.data)

.data           0x0000000020000000       0x10 load address 0x00000000080034e8
                0x0000000020000000                . = ALIGN (0x4)
                0x0000000020000000                _sdata = .
 *(.data)
 *(.data*)
 .data.ms       0x0000000020000000        0x1 Core/Src/config.o
                0x0000000020000000                ms
 *fill*         0x0000000020000001        0x3 
 .data.SystemCoreClock
                0x0000000020000004        0x4 Core/Src/system_stm32l0xx.o
                0x0000000020000004                SystemCoreClock
 .data.uwTickFreq
                0x0000000020000008        0x1 Drivers/STM32L0xx_HAL_Driver/Src/stm32l0xx_hal.o
                0x0000000020000008                uwTickFreq
 *fill*         0x0000000020000009        0x3 
 .data.uwTickPrio
                0x000000002000000c        0x4 Drivers/STM32L0xx_HAL_Driver/Src/stm32l0xx_hal.o
                0x000000002000000c                uwTickPrio
                0x0000000020000010                . = ALIGN (0x4)
                0x0000000020000010                _edata = .

.igot.plt       0x0000000020000010        0x0 load address 0x00000000080034f8
 .igot.plt      0x0000000020000010        0x0 c:/st/stm32cubeide_1.4.0/stm32cubeide/plugins/com.st.stm32cube.ide.mcu.externaltools.gnu-tools-for-stm32.7-2018-q2-update.win32_1.4.0.202007081208/tools/bin/../lib/gcc/arm-none-eabi/7.3.1/thumb/v6-m/crtbegin.o
                0x0000000020000010                . = ALIGN (0x4)

.bss            0x0000000020000010      0x104 load address 0x00000000080034f8
                0x0000000020000010                _sbss = .
                0x0000000020000010                __bss_start__ = _sbss
 *(.bss)
 .bss           0x0000000020000010       0x1c c:/st/stm32cubeide_1.4.0/stm32cubeide/plugins/com.st.stm32cube.ide.mcu.externaltools.gnu-tools-for-stm32.7-2018-q2-update.win32_1.4.0.202007081208/tools/bin/../lib/gcc/arm-none-eabi/7.3.1/thumb/v6-m/crtbegin.o
 *(.bss*)
 .bss.cnt_ntb   0x000000002000002c        0x1 Core/Src/config.o
                0x000000002000002c                cnt_ntb
 .bss.cnt_wfe   0x000000002000002d        0x1 Core/Src/config.o
                0x000000002000002d                cnt_wfe
 *fill*         0x000000002000002e        0x2 
 .bss.hal_error
                0x0000000020000030        0x4 Core/Src/config.o
                0x0000000020000030                hal_error
 .bss.ntb       0x0000000020000034        0x1 Core/Src/config.o
                0x0000000020000034                ntb
 *fill*         0x0000000020000035        0x1 
 .bss.rtp       0x0000000020000036        0x2 Core/Src/config.o
                0x0000000020000036                rtp
 .bss.rtps      0x0000000020000038        0x1 Core/Src/config.o
                0x0000000020000038                rtps
 *fill*         0x0000000020000039        0x1 
 .bss.tadv      0x000000002000003a        0x2 Core/Src/config.o
                0x000000002000003a                tadv
 .bss.tw        0x000000002000003c        0x2 Core/Src/config.o
                0x000000002000003c                tw
 *(COMMON)
 *fill*         0x000000002000003e        0x2 
 COMMON         0x0000000020000040       0x3a Core/Src/config.o
                0x0000000020000040                sensor_data
                0x0000000020000050                hts221_temp_data
                0x0000000020000054                sConfigPVD
                0x000000002000005c                hts221_temp_slope
                0x0000000020000060                hts221_temp_adc_cal_value
                0x0000000020000064                hts221_humidity_cal_value
                0x0000000020000068                hts221_humidity_adc_cal_value
                0x000000002000006c                hts221_temp_deg_cal_value
                0x0000000020000070                hts221_humidity_slope
                0x0000000020000074                transmission_params
                0x0000000020000078                hts221_humidity_data
 *fill*         0x000000002000007a        0x2 
 COMMON         0x000000002000007c       0x4c Core/Src/i2c.o
                0x000000002000007c                hi2c1
 COMMON         0x00000000200000c8       0x30 Core/Src/lptim.o
                0x00000000200000c8                hlptim1
 COMMON         0x00000000200000f8        0x4 Drivers/STM32L0xx_HAL_Driver/Src/stm32l0xx_hal.o
                0x00000000200000f8                uwTick
 COMMON         0x00000000200000fc       0x18 Drivers/STM32L0xx_HAL_Driver/Src/stm32l0xx_hal_flash.o
                0x00000000200000fc                pFlash
                0x0000000020000114                . = ALIGN (0x4)
                0x0000000020000114                _ebss = .
                0x0000000020000114                __bss_end__ = _ebss

._user_heap_stack
                0x0000000020000114      0x604 load address 0x00000000080034f8
                0x0000000020000118                . = ALIGN (0x8)
 *fill*         0x0000000020000114        0x4 
                [!provide]                        PROVIDE (end = .)
                0x0000000020000118                PROVIDE (_end = .)
                0x0000000020000318                . = (. + _Min_Heap_Size)
 *fill*         0x0000000020000118      0x200 
                0x0000000020000718                . = (. + _Min_Stack_Size)
 *fill*         0x0000000020000318      0x400 
                0x0000000020000718                . = ALIGN (0x8)

/DISCARD/
 libc.a(*)
 libm.a(*)
 libgcc.a(*)

.ARM.attributes
                0x0000000000000000       0x28
 *(.ARM.attributes)
 .ARM.attributes
                0x0000000000000000       0x1e c:/st/stm32cubeide_1.4.0/stm32cubeide/plugins/com.st.stm32cube.ide.mcu.externaltools.gnu-tools-for-stm32.7-2018-q2-update.win32_1.4.0.202007081208/tools/bin/../lib/gcc/arm-none-eabi/7.3.1/thumb/v6-m/crti.o
 .ARM.attributes
                0x000000000000001e       0x2c c:/st/stm32cubeide_1.4.0/stm32cubeide/plugins/com.st.stm32cube.ide.mcu.externaltools.gnu-tools-for-stm32.7-2018-q2-update.win32_1.4.0.202007081208/tools/bin/../lib/gcc/arm-none-eabi/7.3.1/thumb/v6-m/crtbegin.o
 .ARM.attributes
                0x000000000000004a       0x32 Core/Src/config.o
 .ARM.attributes
                0x000000000000007c       0x32 Core/Src/gpio.o
 .ARM.attributes
                0x00000000000000ae       0x32 Core/Src/hts221.o
 .ARM.attributes
                0x00000000000000e0       0x32 Core/Src/i2c.o
 .ARM.attributes
                0x0000000000000112       0x32 Core/Src/lptim.o
 .ARM.attributes
                0x0000000000000144       0x32 Core/Src/main.o
 .ARM.attributes
                0x0000000000000176       0x32 Core/Src/stm32l0xx_hal_msp.o
 .ARM.attributes
                0x00000000000001a8       0x32 Core/Src/stm32l0xx_it.o
 .ARM.attributes
                0x00000000000001da       0x32 Core/Src/system_stm32l0xx.o
 .ARM.attributes
                0x000000000000020c       0x22 Core/Startup/startup_stm32l031f4px.o
 .ARM.attributes
                0x000000000000022e       0x32 Drivers/STM32L0xx_HAL_Driver/Src/stm32l0xx_hal.o
 .ARM.attributes
                0x0000000000000260       0x32 Drivers/STM32L0xx_HAL_Driver/Src/stm32l0xx_hal_cortex.o
 .ARM.attributes
                0x0000000000000292       0x32 Drivers/STM32L0xx_HAL_Driver/Src/stm32l0xx_hal_flash.o
 .ARM.attributes
                0x00000000000002c4       0x32 Drivers/STM32L0xx_HAL_Driver/Src/stm32l0xx_hal_flash_ex.o
 .ARM.attributes
                0x00000000000002f6       0x32 Drivers/STM32L0xx_HAL_Driver/Src/stm32l0xx_hal_gpio.o
 .ARM.attributes
                0x0000000000000328       0x32 Drivers/STM32L0xx_HAL_Driver/Src/stm32l0xx_hal_i2c.o
 .ARM.attributes
                0x000000000000035a       0x32 Drivers/STM32L0xx_HAL_Driver/Src/stm32l0xx_hal_i2c_ex.o
 .ARM.attributes
                0x000000000000038c       0x32 Drivers/STM32L0xx_HAL_Driver/Src/stm32l0xx_hal_lptim.o
 .ARM.attributes
                0x00000000000003be       0x32 Drivers/STM32L0xx_HAL_Driver/Src/stm32l0xx_hal_pwr.o
 .ARM.attributes
                0x00000000000003f0       0x32 Drivers/STM32L0xx_HAL_Driver/Src/stm32l0xx_hal_rcc.o
 .ARM.attributes
                0x0000000000000422       0x32 Drivers/STM32L0xx_HAL_Driver/Src/stm32l0xx_hal_rcc_ex.o
 .ARM.attributes
                0x0000000000000454       0x2c c:/st/stm32cubeide_1.4.0/stm32cubeide/plugins/com.st.stm32cube.ide.mcu.externaltools.gnu-tools-for-stm32.7-2018-q2-update.win32_1.4.0.202007081208/tools/bin/../lib/gcc/arm-none-eabi/7.3.1/../../../../arm-none-eabi/lib/thumb/v6-m\libc_nano.a(lib_a-init.o)
 .ARM.attributes
                0x0000000000000480       0x2c c:/st/stm32cubeide_1.4.0/stm32cubeide/plugins/com.st.stm32cube.ide.mcu.externaltools.gnu-tools-for-stm32.7-2018-q2-update.win32_1.4.0.202007081208/tools/bin/../lib/gcc/arm-none-eabi/7.3.1/../../../../arm-none-eabi/lib/thumb/v6-m\libc_nano.a(lib_a-memset.o)
 .ARM.attributes
                0x00000000000004ac       0x1e c:/st/stm32cubeide_1.4.0/stm32cubeide/plugins/com.st.stm32cube.ide.mcu.externaltools.gnu-tools-for-stm32.7-2018-q2-update.win32_1.4.0.202007081208/tools/bin/../lib/gcc/arm-none-eabi/7.3.1/thumb/v6-m\libgcc.a(_udivsi3.o)
 .ARM.attributes
                0x00000000000004ca       0x1e c:/st/stm32cubeide_1.4.0/stm32cubeide/plugins/com.st.stm32cube.ide.mcu.externaltools.gnu-tools-for-stm32.7-2018-q2-update.win32_1.4.0.202007081208/tools/bin/../lib/gcc/arm-none-eabi/7.3.1/thumb/v6-m\libgcc.a(_dvmd_tls.o)
 .ARM.attributes
                0x00000000000004e8       0x2c c:/st/stm32cubeide_1.4.0/stm32cubeide/plugins/com.st.stm32cube.ide.mcu.externaltools.gnu-tools-for-stm32.7-2018-q2-update.win32_1.4.0.202007081208/tools/bin/../lib/gcc/arm-none-eabi/7.3.1/thumb/v6-m\libgcc.a(addsf3.o)
 .ARM.attributes
                0x0000000000000514       0x2c c:/st/stm32cubeide_1.4.0/stm32cubeide/plugins/com.st.stm32cube.ide.mcu.externaltools.gnu-tools-for-stm32.7-2018-q2-update.win32_1.4.0.202007081208/tools/bin/../lib/gcc/arm-none-eabi/7.3.1/thumb/v6-m\libgcc.a(divsf3.o)
 .ARM.attributes
                0x0000000000000540       0x2c c:/st/stm32cubeide_1.4.0/stm32cubeide/plugins/com.st.stm32cube.ide.mcu.externaltools.gnu-tools-for-stm32.7-2018-q2-update.win32_1.4.0.202007081208/tools/bin/../lib/gcc/arm-none-eabi/7.3.1/thumb/v6-m\libgcc.a(mulsf3.o)
 .ARM.attributes
                0x000000000000056c       0x2c c:/st/stm32cubeide_1.4.0/stm32cubeide/plugins/com.st.stm32cube.ide.mcu.externaltools.gnu-tools-for-stm32.7-2018-q2-update.win32_1.4.0.202007081208/tools/bin/../lib/gcc/arm-none-eabi/7.3.1/thumb/v6-m\libgcc.a(floatsisf.o)
 .ARM.attributes
                0x0000000000000598       0x2c c:/st/stm32cubeide_1.4.0/stm32cubeide/plugins/com.st.stm32cube.ide.mcu.externaltools.gnu-tools-for-stm32.7-2018-q2-update.win32_1.4.0.202007081208/tools/bin/../lib/gcc/arm-none-eabi/7.3.1/thumb/v6-m\libgcc.a(floatunsisf.o)
 .ARM.attributes
                0x00000000000005c4       0x1e c:/st/stm32cubeide_1.4.0/stm32cubeide/plugins/com.st.stm32cube.ide.mcu.externaltools.gnu-tools-for-stm32.7-2018-q2-update.win32_1.4.0.202007081208/tools/bin/../lib/gcc/arm-none-eabi/7.3.1/thumb/v6-m\libgcc.a(_clzsi2.o)
 .ARM.attributes
                0x00000000000005e2       0x1e c:/st/stm32cubeide_1.4.0/stm32cubeide/plugins/com.st.stm32cube.ide.mcu.externaltools.gnu-tools-for-stm32.7-2018-q2-update.win32_1.4.0.202007081208/tools/bin/../lib/gcc/arm-none-eabi/7.3.1/thumb/v6-m/crtn.o
OUTPUT(BFTAG01_STM32L031F4_PVD_SENSOR.elf elf32-littlearm)

.debug_info     0x0000000000000000    0x10bb8
 .debug_info    0x0000000000000000     0x213c Core/Src/config.o
 .debug_info    0x000000000000213c      0x689 Core/Src/gpio.o
 .debug_info    0x00000000000027c5      0xd67 Core/Src/hts221.o
 .debug_info    0x000000000000352c      0xa5b Core/Src/i2c.o
 .debug_info    0x0000000000003f87      0x595 Core/Src/lptim.o
 .debug_info    0x000000000000451c     0x1429 Core/Src/main.o
 .debug_info    0x0000000000005945      0x391 Core/Src/stm32l0xx_hal_msp.o
 .debug_info    0x0000000000005cd6     0x135c Core/Src/stm32l0xx_it.o
 .debug_info    0x0000000000007032      0x3de Core/Src/system_stm32l0xx.o
 .debug_info    0x0000000000007410       0x22 Core/Startup/startup_stm32l031f4px.o
 .debug_info    0x0000000000007432      0x8f3 Drivers/STM32L0xx_HAL_Driver/Src/stm32l0xx_hal.o
 .debug_info    0x0000000000007d25      0x840 Drivers/STM32L0xx_HAL_Driver/Src/stm32l0xx_hal_cortex.o
 .debug_info    0x0000000000008565      0x6e4 Drivers/STM32L0xx_HAL_Driver/Src/stm32l0xx_hal_flash.o
 .debug_info    0x0000000000008c49      0xd42 Drivers/STM32L0xx_HAL_Driver/Src/stm32l0xx_hal_flash_ex.o
 .debug_info    0x000000000000998b      0x724 Drivers/STM32L0xx_HAL_Driver/Src/stm32l0xx_hal_gpio.o
 .debug_info    0x000000000000a0af     0x3b04 Drivers/STM32L0xx_HAL_Driver/Src/stm32l0xx_hal_i2c.o
 .debug_info    0x000000000000dbb3      0x938 Drivers/STM32L0xx_HAL_Driver/Src/stm32l0xx_hal_i2c_ex.o
 .debug_info    0x000000000000e4eb      0xee3 Drivers/STM32L0xx_HAL_Driver/Src/stm32l0xx_hal_lptim.o
 .debug_info    0x000000000000f3ce      0x6bb Drivers/STM32L0xx_HAL_Driver/Src/stm32l0xx_hal_pwr.o
 .debug_info    0x000000000000fa89      0xb9c Drivers/STM32L0xx_HAL_Driver/Src/stm32l0xx_hal_rcc.o
 .debug_info    0x0000000000010625      0x593 Drivers/STM32L0xx_HAL_Driver/Src/stm32l0xx_hal_rcc_ex.o

.debug_abbrev   0x0000000000000000     0x2bc6
 .debug_abbrev  0x0000000000000000      0x3a6 Core/Src/config.o
 .debug_abbrev  0x00000000000003a6      0x18d Core/Src/gpio.o
 .debug_abbrev  0x0000000000000533      0x1c9 Core/Src/hts221.o
 .debug_abbrev  0x00000000000006fc      0x1e5 Core/Src/i2c.o
 .debug_abbrev  0x00000000000008e1      0x16f Core/Src/lptim.o
 .debug_abbrev  0x0000000000000a50      0x254 Core/Src/main.o
 .debug_abbrev  0x0000000000000ca4      0x126 Core/Src/stm32l0xx_hal_msp.o
 .debug_abbrev  0x0000000000000dca      0x246 Core/Src/stm32l0xx_it.o
 .debug_abbrev  0x0000000000001010      0x12b Core/Src/system_stm32l0xx.o
 .debug_abbrev  0x000000000000113b       0x12 Core/Startup/startup_stm32l031f4px.o
 .debug_abbrev  0x000000000000114d      0x289 Drivers/STM32L0xx_HAL_Driver/Src/stm32l0xx_hal.o
 .debug_abbrev  0x00000000000013d6      0x23b Drivers/STM32L0xx_HAL_Driver/Src/stm32l0xx_hal_cortex.o
 .debug_abbrev  0x0000000000001611      0x2ff Drivers/STM32L0xx_HAL_Driver/Src/stm32l0xx_hal_flash.o
 .debug_abbrev  0x0000000000001910      0x313 Drivers/STM32L0xx_HAL_Driver/Src/stm32l0xx_hal_flash_ex.o
 .debug_abbrev  0x0000000000001c23      0x1cf Drivers/STM32L0xx_HAL_Driver/Src/stm32l0xx_hal_gpio.o
 .debug_abbrev  0x0000000000001df2      0x346 Drivers/STM32L0xx_HAL_Driver/Src/stm32l0xx_hal_i2c.o
 .debug_abbrev  0x0000000000002138      0x1bf Drivers/STM32L0xx_HAL_Driver/Src/stm32l0xx_hal_i2c_ex.o
 .debug_abbrev  0x00000000000022f7      0x283 Drivers/STM32L0xx_HAL_Driver/Src/stm32l0xx_hal_lptim.o
 .debug_abbrev  0x000000000000257a      0x1ab Drivers/STM32L0xx_HAL_Driver/Src/stm32l0xx_hal_pwr.o
 .debug_abbrev  0x0000000000002725      0x2be Drivers/STM32L0xx_HAL_Driver/Src/stm32l0xx_hal_rcc.o
 .debug_abbrev  0x00000000000029e3      0x1e3 Drivers/STM32L0xx_HAL_Driver/Src/stm32l0xx_hal_rcc_ex.o

.debug_loc      0x0000000000000000     0x6870
 .debug_loc     0x0000000000000000      0x232 Core/Src/config.o
 .debug_loc     0x0000000000000232      0x1a4 Core/Src/hts221.o
 .debug_loc     0x00000000000003d6       0x4d Core/Src/i2c.o
 .debug_loc     0x0000000000000423      0x15b Core/Src/system_stm32l0xx.o
 .debug_loc     0x000000000000057e      0x15c Drivers/STM32L0xx_HAL_Driver/Src/stm32l0xx_hal.o
 .debug_loc     0x00000000000006da      0x3aa Drivers/STM32L0xx_HAL_Driver/Src/stm32l0xx_hal_cortex.o
 .debug_loc     0x0000000000000a84      0x1bd Drivers/STM32L0xx_HAL_Driver/Src/stm32l0xx_hal_flash.o
 .debug_loc     0x0000000000000c41      0x9ba Drivers/STM32L0xx_HAL_Driver/Src/stm32l0xx_hal_flash_ex.o
 .debug_loc     0x00000000000015fb      0x32e Drivers/STM32L0xx_HAL_Driver/Src/stm32l0xx_hal_gpio.o
 .debug_loc     0x0000000000001929     0x3b0a Drivers/STM32L0xx_HAL_Driver/Src/stm32l0xx_hal_i2c.o
 .debug_loc     0x0000000000005433      0x1bc Drivers/STM32L0xx_HAL_Driver/Src/stm32l0xx_hal_i2c_ex.o
 .debug_loc     0x00000000000055ef      0x923 Drivers/STM32L0xx_HAL_Driver/Src/stm32l0xx_hal_lptim.o
 .debug_loc     0x0000000000005f12      0x12e Drivers/STM32L0xx_HAL_Driver/Src/stm32l0xx_hal_pwr.o
 .debug_loc     0x0000000000006040      0x53f Drivers/STM32L0xx_HAL_Driver/Src/stm32l0xx_hal_rcc.o
 .debug_loc     0x000000000000657f      0x2f1 Drivers/STM32L0xx_HAL_Driver/Src/stm32l0xx_hal_rcc_ex.o

.debug_aranges  0x0000000000000000      0x9f0
 .debug_aranges
                0x0000000000000000       0x60 Core/Src/config.o
 .debug_aranges
                0x0000000000000060       0x20 Core/Src/gpio.o
 .debug_aranges
                0x0000000000000080       0x40 Core/Src/hts221.o
 .debug_aranges
                0x00000000000000c0       0x30 Core/Src/i2c.o
 .debug_aranges
                0x00000000000000f0       0x30 Core/Src/lptim.o
 .debug_aranges
                0x0000000000000120       0x30 Core/Src/main.o
 .debug_aranges
                0x0000000000000150       0x20 Core/Src/stm32l0xx_hal_msp.o
 .debug_aranges
                0x0000000000000170       0x48 Core/Src/stm32l0xx_it.o
 .debug_aranges
                0x00000000000001b8       0x28 Core/Src/system_stm32l0xx.o
 .debug_aranges
                0x00000000000001e0       0x28 Core/Startup/startup_stm32l031f4px.o
 .debug_aranges
                0x0000000000000208      0x108 Drivers/STM32L0xx_HAL_Driver/Src/stm32l0xx_hal.o
 .debug_aranges
                0x0000000000000310       0x78 Drivers/STM32L0xx_HAL_Driver/Src/stm32l0xx_hal_cortex.o
 .debug_aranges
                0x0000000000000388       0x78 Drivers/STM32L0xx_HAL_Driver/Src/stm32l0xx_hal_flash.o
 .debug_aranges
                0x0000000000000400       0x98 Drivers/STM32L0xx_HAL_Driver/Src/stm32l0xx_hal_flash_ex.o
 .debug_aranges
                0x0000000000000498       0x58 Drivers/STM32L0xx_HAL_Driver/Src/stm32l0xx_hal_gpio.o
 .debug_aranges
                0x00000000000004f0      0x248 Drivers/STM32L0xx_HAL_Driver/Src/stm32l0xx_hal_i2c.o
 .debug_aranges
                0x0000000000000738       0x48 Drivers/STM32L0xx_HAL_Driver/Src/stm32l0xx_hal_i2c_ex.o
 .debug_aranges
                0x0000000000000780       0xf8 Drivers/STM32L0xx_HAL_Driver/Src/stm32l0xx_hal_lptim.o
 .debug_aranges
                0x0000000000000878       0xa0 Drivers/STM32L0xx_HAL_Driver/Src/stm32l0xx_hal_pwr.o
 .debug_aranges
                0x0000000000000918       0x80 Drivers/STM32L0xx_HAL_Driver/Src/stm32l0xx_hal_rcc.o
 .debug_aranges
                0x0000000000000998       0x58 Drivers/STM32L0xx_HAL_Driver/Src/stm32l0xx_hal_rcc_ex.o

.debug_ranges   0x0000000000000000      0xbb0
 .debug_ranges  0x0000000000000000       0x98 Core/Src/config.o
 .debug_ranges  0x0000000000000098       0xa0 Core/Src/gpio.o
 .debug_ranges  0x0000000000000138       0x30 Core/Src/hts221.o
 .debug_ranges  0x0000000000000168       0x48 Core/Src/i2c.o
 .debug_ranges  0x00000000000001b0       0x20 Core/Src/lptim.o
 .debug_ranges  0x00000000000001d0       0x20 Core/Src/main.o
 .debug_ranges  0x00000000000001f0       0x10 Core/Src/stm32l0xx_hal_msp.o
 .debug_ranges  0x0000000000000200       0x38 Core/Src/stm32l0xx_it.o
 .debug_ranges  0x0000000000000238       0x18 Core/Src/system_stm32l0xx.o
 .debug_ranges  0x0000000000000250       0x20 Core/Startup/startup_stm32l031f4px.o
 .debug_ranges  0x0000000000000270       0xf8 Drivers/STM32L0xx_HAL_Driver/Src/stm32l0xx_hal.o
 .debug_ranges  0x0000000000000368      0x120 Drivers/STM32L0xx_HAL_Driver/Src/stm32l0xx_hal_cortex.o
 .debug_ranges  0x0000000000000488       0x68 Drivers/STM32L0xx_HAL_Driver/Src/stm32l0xx_hal_flash.o
 .debug_ranges  0x00000000000004f0      0x108 Drivers/STM32L0xx_HAL_Driver/Src/stm32l0xx_hal_flash_ex.o
 .debug_ranges  0x00000000000005f8       0x48 Drivers/STM32L0xx_HAL_Driver/Src/stm32l0xx_hal_gpio.o
 .debug_ranges  0x0000000000000640      0x280 Drivers/STM32L0xx_HAL_Driver/Src/stm32l0xx_hal_i2c.o
 .debug_ranges  0x00000000000008c0       0x38 Drivers/STM32L0xx_HAL_Driver/Src/stm32l0xx_hal_i2c_ex.o
 .debug_ranges  0x00000000000008f8       0xe8 Drivers/STM32L0xx_HAL_Driver/Src/stm32l0xx_hal_lptim.o
 .debug_ranges  0x00000000000009e0       0x90 Drivers/STM32L0xx_HAL_Driver/Src/stm32l0xx_hal_pwr.o
 .debug_ranges  0x0000000000000a70       0xd8 Drivers/STM32L0xx_HAL_Driver/Src/stm32l0xx_hal_rcc.o
 .debug_ranges  0x0000000000000b48       0x68 Drivers/STM32L0xx_HAL_Driver/Src/stm32l0xx_hal_rcc_ex.o

.debug_macro    0x0000000000000000    0x11e49
 .debug_macro   0x0000000000000000      0x34f Core/Src/config.o
 .debug_macro   0x000000000000034f      0xa4e Core/Src/config.o
 .debug_macro   0x0000000000000d9d       0x22 Core/Src/config.o
 .debug_macro   0x0000000000000dbf       0x40 Core/Src/config.o
 .debug_macro   0x0000000000000dff       0x18 Core/Src/config.o
 .debug_macro   0x0000000000000e17       0x94 Core/Src/config.o
 .debug_macro   0x0000000000000eab       0x3c Core/Src/config.o
 .debug_macro   0x0000000000000ee7       0x34 Core/Src/config.o
 .debug_macro   0x0000000000000f1b       0x16 Core/Src/config.o
 .debug_macro   0x0000000000000f31       0x57 Core/Src/config.o
 .debug_macro   0x0000000000000f88       0x97 Core/Src/config.o
 .debug_macro   0x000000000000101f      0x330 Core/Src/config.o
 .debug_macro   0x000000000000134f       0xfd Core/Src/config.o
 .debug_macro   0x000000000000144c       0x10 Core/Src/config.o
 .debug_macro   0x000000000000145c       0x52 Core/Src/config.o
 .debug_macro   0x00000000000014ae       0x1f Core/Src/config.o
 .debug_macro   0x00000000000014cd       0x43 Core/Src/config.o
 .debug_macro   0x0000000000001510       0x20 Core/Src/config.o
 .debug_macro   0x0000000000001530      0x1a3 Core/Src/config.o
 .debug_macro   0x00000000000016d3       0x10 Core/Src/config.o
 .debug_macro   0x00000000000016e3       0x6a Core/Src/config.o
 .debug_macro   0x000000000000174d       0x1c Core/Src/config.o
 .debug_macro   0x0000000000001769       0x52 Core/Src/config.o
 .debug_macro   0x00000000000017bb       0x40 Core/Src/config.o
 .debug_macro   0x00000000000017fb       0x10 Core/Src/config.o
 .debug_macro   0x000000000000180b       0x40 Core/Src/config.o
 .debug_macro   0x000000000000184b       0xd7 Core/Src/config.o
 .debug_macro   0x0000000000001922       0x1c Core/Src/config.o
 .debug_macro   0x000000000000193e       0x3d Core/Src/config.o
 .debug_macro   0x000000000000197b       0x16 Core/Src/config.o
 .debug_macro   0x0000000000001991      0x145 Core/Src/config.o
 .debug_macro   0x0000000000001ad6       0x16 Core/Src/config.o
 .debug_macro   0x0000000000001aec       0x35 Core/Src/config.o
 .debug_macro   0x0000000000001b21       0x16 Core/Src/config.o
 .debug_macro   0x0000000000001b37       0x29 Core/Src/config.o
 .debug_macro   0x0000000000001b60      0x119 Core/Src/config.o
 .debug_macro   0x0000000000001c79       0x2e Core/Src/config.o
 .debug_macro   0x0000000000001ca7       0x28 Core/Src/config.o
 .debug_macro   0x0000000000001ccf       0xef Core/Src/config.o
 .debug_macro   0x0000000000001dbe      0x1df Core/Src/config.o
 .debug_macro   0x0000000000001f9d       0x34 Core/Src/config.o
 .debug_macro   0x0000000000001fd1       0x26 Core/Src/config.o
 .debug_macro   0x0000000000001ff7      0x329 Core/Src/config.o
 .debug_macro   0x0000000000002320     0x7ef2 Core/Src/config.o
 .debug_macro   0x000000000000a212       0x3c Core/Src/config.o
 .debug_macro   0x000000000000a24e     0x352c Core/Src/config.o
 .debug_macro   0x000000000000d77a       0x55 Core/Src/config.o
 .debug_macro   0x000000000000d7cf      0x8ae Core/Src/config.o
 .debug_macro   0x000000000000e07d      0x474 Core/Src/config.o
 .debug_macro   0x000000000000e4f1      0x13f Core/Src/config.o
 .debug_macro   0x000000000000e630      0x10d Core/Src/config.o
 .debug_macro   0x000000000000e73d      0x28e Core/Src/config.o
 .debug_macro   0x000000000000e9cb       0x28 Core/Src/config.o
 .debug_macro   0x000000000000e9f3      0x129 Core/Src/config.o
 .debug_macro   0x000000000000eb1c      0x244 Core/Src/config.o
 .debug_macro   0x000000000000ed60      0x22c Core/Src/config.o
 .debug_macro   0x000000000000ef8c       0x5b Core/Src/config.o
 .debug_macro   0x000000000000efe7       0xa5 Core/Src/config.o
 .debug_macro   0x000000000000f08c      0x25c Core/Src/config.o
 .debug_macro   0x000000000000f2e8      0x18d Core/Src/config.o
 .debug_macro   0x000000000000f475       0x16 Core/Src/config.o
 .debug_macro   0x000000000000f48b      0x12a Core/Src/config.o
 .debug_macro   0x000000000000f5b5       0x70 Core/Src/config.o
 .debug_macro   0x000000000000f625       0xb8 Core/Src/config.o
 .debug_macro   0x000000000000f6dd       0x6a Core/Src/config.o
 .debug_macro   0x000000000000f747      0x1b3 Core/Src/gpio.o
 .debug_macro   0x000000000000f8fa       0x8e Core/Src/gpio.o
 .debug_macro   0x000000000000f988       0x51 Core/Src/gpio.o
 .debug_macro   0x000000000000f9d9      0x174 Core/Src/gpio.o
 .debug_macro   0x000000000000fb4d       0x5b Core/Src/gpio.o
 .debug_macro   0x000000000000fba8      0x1c2 Core/Src/hts221.o
 .debug_macro   0x000000000000fd6a      0x1b3 Core/Src/i2c.o
 .debug_macro   0x000000000000ff1d      0x1b3 Core/Src/lptim.o
 .debug_macro   0x00000000000100d0      0x371 Core/Src/main.o
 .debug_macro   0x0000000000010441       0x46 Core/Src/main.o
 .debug_macro   0x0000000000010487      0x1a9 Core/Src/stm32l0xx_hal_msp.o
 .debug_macro   0x0000000000010630      0x363 Core/Src/stm32l0xx_it.o
 .debug_macro   0x0000000000010993      0x1a0 Core/Src/system_stm32l0xx.o
 .debug_macro   0x0000000000010b33      0x1be Drivers/STM32L0xx_HAL_Driver/Src/stm32l0xx_hal.o
 .debug_macro   0x0000000000010cf1      0x19a Drivers/STM32L0xx_HAL_Driver/Src/stm32l0xx_hal_cortex.o
 .debug_macro   0x0000000000010e8b      0x19b Drivers/STM32L0xx_HAL_Driver/Src/stm32l0xx_hal_flash.o
 .debug_macro   0x0000000000011026      0x19a Drivers/STM32L0xx_HAL_Driver/Src/stm32l0xx_hal_flash_ex.o
 .debug_macro   0x00000000000111c0      0x1d2 Drivers/STM32L0xx_HAL_Driver/Src/stm32l0xx_hal_gpio.o
 .debug_macro   0x0000000000011392      0x25f Drivers/STM32L0xx_HAL_Driver/Src/stm32l0xx_hal_i2c.o
 .debug_macro   0x00000000000115f1      0x19a Drivers/STM32L0xx_HAL_Driver/Src/stm32l0xx_hal_i2c_ex.o
 .debug_macro   0x000000000001178b      0x1a2 Drivers/STM32L0xx_HAL_Driver/Src/stm32l0xx_hal_lptim.o
 .debug_macro   0x000000000001192d      0x1b2 Drivers/STM32L0xx_HAL_Driver/Src/stm32l0xx_hal_pwr.o
 .debug_macro   0x0000000000011adf      0x1d0 Drivers/STM32L0xx_HAL_Driver/Src/stm32l0xx_hal_rcc.o
 .debug_macro   0x0000000000011caf      0x19a Drivers/STM32L0xx_HAL_Driver/Src/stm32l0xx_hal_rcc_ex.o

.debug_line     0x0000000000000000     0xbe47
 .debug_line    0x0000000000000000      0xa48 Core/Src/config.o
 .debug_line    0x0000000000000a48      0x6d6 Core/Src/gpio.o
 .debug_line    0x000000000000111e      0x735 Core/Src/hts221.o
 .debug_line    0x0000000000001853      0x6e6 Core/Src/i2c.o
 .debug_line    0x0000000000001f39      0x6b3 Core/Src/lptim.o
 .debug_line    0x00000000000025ec      0x903 Core/Src/main.o
 .debug_line    0x0000000000002eef      0x68d Core/Src/stm32l0xx_hal_msp.o
 .debug_line    0x000000000000357c      0x90b Core/Src/stm32l0xx_it.o
 .debug_line    0x0000000000003e87      0x6bd Core/Src/system_stm32l0xx.o
 .debug_line    0x0000000000004544       0x8a Core/Startup/startup_stm32l031f4px.o
 .debug_line    0x00000000000045ce      0x8f7 Drivers/STM32L0xx_HAL_Driver/Src/stm32l0xx_hal.o
 .debug_line    0x0000000000004ec5      0x82b Drivers/STM32L0xx_HAL_Driver/Src/stm32l0xx_hal_cortex.o
 .debug_line    0x00000000000056f0      0x8af Drivers/STM32L0xx_HAL_Driver/Src/stm32l0xx_hal_flash.o
 .debug_line    0x0000000000005f9f      0x9a4 Drivers/STM32L0xx_HAL_Driver/Src/stm32l0xx_hal_flash_ex.o
 .debug_line    0x0000000000006943      0x816 Drivers/STM32L0xx_HAL_Driver/Src/stm32l0xx_hal_gpio.o
 .debug_line    0x0000000000007159     0x1fd8 Drivers/STM32L0xx_HAL_Driver/Src/stm32l0xx_hal_i2c.o
 .debug_line    0x0000000000009131      0x7e9 Drivers/STM32L0xx_HAL_Driver/Src/stm32l0xx_hal_i2c_ex.o
 .debug_line    0x000000000000991a      0xacf Drivers/STM32L0xx_HAL_Driver/Src/stm32l0xx_hal_lptim.o
 .debug_line    0x000000000000a3e9      0x81e Drivers/STM32L0xx_HAL_Driver/Src/stm32l0xx_hal_pwr.o
 .debug_line    0x000000000000ac07      0xa08 Drivers/STM32L0xx_HAL_Driver/Src/stm32l0xx_hal_rcc.o
 .debug_line    0x000000000000b60f      0x838 Drivers/STM32L0xx_HAL_Driver/Src/stm32l0xx_hal_rcc_ex.o

.debug_str      0x0000000000000000    0x64c0e
 .debug_str     0x0000000000000000    0x61fa8 Core/Src/config.o
                                      0x62474 (size before relaxing)
 .debug_str     0x0000000000061fa8       0xd9 Core/Src/gpio.o
                                      0x5d5a6 (size before relaxing)
 .debug_str     0x0000000000062081      0x165 Core/Src/hts221.o
                                      0x5dc64 (size before relaxing)
 .debug_str     0x00000000000621e6       0x37 Core/Src/i2c.o
                                      0x5d94d (size before relaxing)
 .debug_str     0x000000000006221d       0x6f Core/Src/lptim.o
                                      0x5d5ba (size before relaxing)
 .debug_str     0x000000000006228c      0x247 Core/Src/main.o
                                      0x620da (size before relaxing)
 .debug_str     0x00000000000624d3       0x2c Core/Src/stm32l0xx_hal_msp.o
                                      0x5d4cc (size before relaxing)
 .debug_str     0x00000000000624ff       0xed Core/Src/stm32l0xx_it.o
                                      0x620b2 (size before relaxing)
 .debug_str     0x00000000000625ec       0xa6 Core/Src/system_stm32l0xx.o
                                      0x5d22f (size before relaxing)
 .debug_str     0x0000000000062692       0x36 Core/Startup/startup_stm32l031f4px.o
                                         0x7c (size before relaxing)
 .debug_str     0x00000000000626c8      0x402 Drivers/STM32L0xx_HAL_Driver/Src/stm32l0xx_hal.o
                                      0x5d847 (size before relaxing)
 .debug_str     0x0000000000062aca      0x15d Drivers/STM32L0xx_HAL_Driver/Src/stm32l0xx_hal_cortex.o
                                      0x5d51d (size before relaxing)
 .debug_str     0x0000000000062c27      0x254 Drivers/STM32L0xx_HAL_Driver/Src/stm32l0xx_hal_flash.o
                                      0x5d42e (size before relaxing)
 .debug_str     0x0000000000062e7b      0x39e Drivers/STM32L0xx_HAL_Driver/Src/stm32l0xx_hal_flash_ex.o
                                      0x5d70c (size before relaxing)
 .debug_str     0x0000000000063219      0x1ed Drivers/STM32L0xx_HAL_Driver/Src/stm32l0xx_hal_gpio.o
                                      0x5d4df (size before relaxing)
 .debug_str     0x0000000000063406      0xd32 Drivers/STM32L0xx_HAL_Driver/Src/stm32l0xx_hal_i2c.o
                                      0x5e4ff (size before relaxing)
 .debug_str     0x0000000000064138       0xb8 Drivers/STM32L0xx_HAL_Driver/Src/stm32l0xx_hal_i2c_ex.o
                                      0x5d79a (size before relaxing)
 .debug_str     0x00000000000641f0      0x41f Drivers/STM32L0xx_HAL_Driver/Src/stm32l0xx_hal_lptim.o
                                      0x5d870 (size before relaxing)
 .debug_str     0x000000000006460f      0x23e Drivers/STM32L0xx_HAL_Driver/Src/stm32l0xx_hal_pwr.o
                                      0x5d4ab (size before relaxing)
 .debug_str     0x000000000006484d      0x2a1 Drivers/STM32L0xx_HAL_Driver/Src/stm32l0xx_hal_rcc.o
                                      0x5d6f8 (size before relaxing)
 .debug_str     0x0000000000064aee      0x120 Drivers/STM32L0xx_HAL_Driver/Src/stm32l0xx_hal_rcc_ex.o
                                      0x5d426 (size before relaxing)

.comment        0x0000000000000000       0x7b
 .comment       0x0000000000000000       0x7b Core/Src/config.o
                                         0x7c (size before relaxing)
 .comment       0x000000000000007b       0x7c Core/Src/gpio.o
 .comment       0x000000000000007b       0x7c Core/Src/hts221.o
 .comment       0x000000000000007b       0x7c Core/Src/i2c.o
 .comment       0x000000000000007b       0x7c Core/Src/lptim.o
 .comment       0x000000000000007b       0x7c Core/Src/main.o
 .comment       0x000000000000007b       0x7c Core/Src/stm32l0xx_hal_msp.o
 .comment       0x000000000000007b       0x7c Core/Src/stm32l0xx_it.o
 .comment       0x000000000000007b       0x7c Core/Src/system_stm32l0xx.o
 .comment       0x000000000000007b       0x7c Drivers/STM32L0xx_HAL_Driver/Src/stm32l0xx_hal.o
 .comment       0x000000000000007b       0x7c Drivers/STM32L0xx_HAL_Driver/Src/stm32l0xx_hal_cortex.o
 .comment       0x000000000000007b       0x7c Drivers/STM32L0xx_HAL_Driver/Src/stm32l0xx_hal_flash.o
 .comment       0x000000000000007b       0x7c Drivers/STM32L0xx_HAL_Driver/Src/stm32l0xx_hal_flash_ex.o
 .comment       0x000000000000007b       0x7c Drivers/STM32L0xx_HAL_Driver/Src/stm32l0xx_hal_gpio.o
 .comment       0x000000000000007b       0x7c Drivers/STM32L0xx_HAL_Driver/Src/stm32l0xx_hal_i2c.o
 .comment       0x000000000000007b       0x7c Drivers/STM32L0xx_HAL_Driver/Src/stm32l0xx_hal_i2c_ex.o
 .comment       0x000000000000007b       0x7c Drivers/STM32L0xx_HAL_Driver/Src/stm32l0xx_hal_lptim.o
 .comment       0x000000000000007b       0x7c Drivers/STM32L0xx_HAL_Driver/Src/stm32l0xx_hal_pwr.o
 .comment       0x000000000000007b       0x7c Drivers/STM32L0xx_HAL_Driver/Src/stm32l0xx_hal_rcc.o
 .comment       0x000000000000007b       0x7c Drivers/STM32L0xx_HAL_Driver/Src/stm32l0xx_hal_rcc_ex.o

.debug_frame    0x0000000000000000     0x1c58
 .debug_frame   0x0000000000000000      0x10c Core/Src/config.o
 .debug_frame   0x000000000000010c       0x30 Core/Src/gpio.o
 .debug_frame   0x000000000000013c       0xb0 Core/Src/hts221.o
 .debug_frame   0x00000000000001ec       0x5c Core/Src/i2c.o
 .debug_frame   0x0000000000000248       0x48 Core/Src/lptim.o
 .debug_frame   0x0000000000000290       0x54 Core/Src/main.o
 .debug_frame   0x00000000000002e4       0x28 Core/Src/stm32l0xx_hal_msp.o
 .debug_frame   0x000000000000030c       0xb0 Core/Src/stm32l0xx_it.o
 .debug_frame   0x00000000000003bc       0x3c Core/Src/system_stm32l0xx.o
 .debug_frame   0x00000000000003f8      0x234 Drivers/STM32L0xx_HAL_Driver/Src/stm32l0xx_hal.o
 .debug_frame   0x000000000000062c       0xe4 Drivers/STM32L0xx_HAL_Driver/Src/stm32l0xx_hal_cortex.o
 .debug_frame   0x0000000000000710      0x124 Drivers/STM32L0xx_HAL_Driver/Src/stm32l0xx_hal_flash.o
 .debug_frame   0x0000000000000834      0x18c Drivers/STM32L0xx_HAL_Driver/Src/stm32l0xx_hal_flash_ex.o
 .debug_frame   0x00000000000009c0       0xbc Drivers/STM32L0xx_HAL_Driver/Src/stm32l0xx_hal_gpio.o
 .debug_frame   0x0000000000000a7c      0x89c Drivers/STM32L0xx_HAL_Driver/Src/stm32l0xx_hal_i2c.o
 .debug_frame   0x0000000000001318       0xa8 Drivers/STM32L0xx_HAL_Driver/Src/stm32l0xx_hal_i2c_ex.o
 .debug_frame   0x00000000000013c0      0x3e8 Drivers/STM32L0xx_HAL_Driver/Src/stm32l0xx_hal_lptim.o
 .debug_frame   0x00000000000017a8      0x13c Drivers/STM32L0xx_HAL_Driver/Src/stm32l0xx_hal_pwr.o
 .debug_frame   0x00000000000018e4      0x148 Drivers/STM32L0xx_HAL_Driver/Src/stm32l0xx_hal_rcc.o
 .debug_frame   0x0000000000001a2c       0xb8 Drivers/STM32L0xx_HAL_Driver/Src/stm32l0xx_hal_rcc_ex.o
 .debug_frame   0x0000000000001ae4       0x2c c:/st/stm32cubeide_1.4.0/stm32cubeide/plugins/com.st.stm32cube.ide.mcu.externaltools.gnu-tools-for-stm32.7-2018-q2-update.win32_1.4.0.202007081208/tools/bin/../lib/gcc/arm-none-eabi/7.3.1/../../../../arm-none-eabi/lib/thumb/v6-m\libc_nano.a(lib_a-init.o)
 .debug_frame   0x0000000000001b10       0x20 c:/st/stm32cubeide_1.4.0/stm32cubeide/plugins/com.st.stm32cube.ide.mcu.externaltools.gnu-tools-for-stm32.7-2018-q2-update.win32_1.4.0.202007081208/tools/bin/../lib/gcc/arm-none-eabi/7.3.1/../../../../arm-none-eabi/lib/thumb/v6-m\libc_nano.a(lib_a-memset.o)
 .debug_frame   0x0000000000001b30       0x20 c:/st/stm32cubeide_1.4.0/stm32cubeide/plugins/com.st.stm32cube.ide.mcu.externaltools.gnu-tools-for-stm32.7-2018-q2-update.win32_1.4.0.202007081208/tools/bin/../lib/gcc/arm-none-eabi/7.3.1/thumb/v6-m\libgcc.a(_udivsi3.o)
 .debug_frame   0x0000000000001b50       0x38 c:/st/stm32cubeide_1.4.0/stm32cubeide/plugins/com.st.stm32cube.ide.mcu.externaltools.gnu-tools-for-stm32.7-2018-q2-update.win32_1.4.0.202007081208/tools/bin/../lib/gcc/arm-none-eabi/7.3.1/thumb/v6-m\libgcc.a(addsf3.o)
 .debug_frame   0x0000000000001b88       0x3c c:/st/stm32cubeide_1.4.0/stm32cubeide/plugins/com.st.stm32cube.ide.mcu.externaltools.gnu-tools-for-stm32.7-2018-q2-update.win32_1.4.0.202007081208/tools/bin/../lib/gcc/arm-none-eabi/7.3.1/thumb/v6-m\libgcc.a(divsf3.o)
 .debug_frame   0x0000000000001bc4       0x3c c:/st/stm32cubeide_1.4.0/stm32cubeide/plugins/com.st.stm32cube.ide.mcu.externaltools.gnu-tools-for-stm32.7-2018-q2-update.win32_1.4.0.202007081208/tools/bin/../lib/gcc/arm-none-eabi/7.3.1/thumb/v6-m\libgcc.a(mulsf3.o)
 .debug_frame   0x0000000000001c00       0x2c c:/st/stm32cubeide_1.4.0/stm32cubeide/plugins/com.st.stm32cube.ide.mcu.externaltools.gnu-tools-for-stm32.7-2018-q2-update.win32_1.4.0.202007081208/tools/bin/../lib/gcc/arm-none-eabi/7.3.1/thumb/v6-m\libgcc.a(floatsisf.o)
 .debug_frame   0x0000000000001c2c       0x2c c:/st/stm32cubeide_1.4.0/stm32cubeide/plugins/com.st.stm32cube.ide.mcu.externaltools.gnu-tools-for-stm32.7-2018-q2-update.win32_1.4.0.202007081208/tools/bin/../lib/gcc/arm-none-eabi/7.3.1/thumb/v6-m\libgcc.a(floatunsisf.o)
